[    0.000000] Linux version 5.8.0-50-generic (buildd@lgw01-amd64-030) (gcc (Ubuntu 9.3.0-17ubuntu1~20.04) 9.3.0, GNU ld (GNU Binutils for Ubuntu) 2.34) #56~20.04.1-Ubuntu SMP Mon Apr 12 21:46:35 UTC 2021 (Ubuntu 5.8.0-50.56~20.04.1-generic 5.8.18)
[    0.000000] Command line: BOOT_IMAGE=/boot/vmlinuz-5.8.0-50-generic root=UUID=26189dec-f1c9-4924-aea0-46f3c2165b97 ro quiet splash vt.handoff=7
[    0.000000] KERNEL supported cpus:
[    0.000000]   Intel GenuineIntel
[    0.000000]   AMD AuthenticAMD
[    0.000000]   Hygon HygonGenuine
[    0.000000]   Centaur CentaurHauls
[    0.000000]   zhaoxin   Shanghai  
[    0.000000] x86/fpu: Supporting XSAVE feature 0x001: 'x87 floating point registers'
[    0.000000] x86/fpu: Supporting XSAVE feature 0x002: 'SSE registers'
[    0.000000] x86/fpu: Supporting XSAVE feature 0x004: 'AVX registers'
[    0.000000] x86/fpu: xstate_offset[2]:  576, xstate_sizes[2]:  256
[    0.000000] x86/fpu: Enabled xstate features 0x7, context size is 832 bytes, using 'compacted' format.
[    0.000000] BIOS-provided physical RAM map:
[    0.000000] BIOS-e820: [mem 0x0000000000000000-0x000000000009ffff] usable
[    0.000000] BIOS-e820: [mem 0x00000000000a0000-0x00000000000fffff] reserved
[    0.000000] BIOS-e820: [mem 0x0000000000100000-0x0000000003ffffff] usable
[    0.000000] BIOS-e820: [mem 0x0000000004000000-0x0000000004011fff] ACPI NVS
[    0.000000] BIOS-e820: [mem 0x0000000004012000-0x0000000009df1fff] usable
[    0.000000] BIOS-e820: [mem 0x0000000009df2000-0x0000000009ffffff] reserved
[    0.000000] BIOS-e820: [mem 0x000000000a000000-0x00000000b9535fff] usable
[    0.000000] BIOS-e820: [mem 0x00000000b9536000-0x00000000b9894fff] reserved
[    0.000000] BIOS-e820: [mem 0x00000000b9895000-0x00000000b98f5fff] ACPI data
[    0.000000] BIOS-e820: [mem 0x00000000b98f6000-0x00000000b9fbdfff] ACPI NVS
[    0.000000] BIOS-e820: [mem 0x00000000b9fbe000-0x00000000bb1fefff] reserved
[    0.000000] BIOS-e820: [mem 0x00000000bb1ff000-0x00000000bbffffff] usable
[    0.000000] BIOS-e820: [mem 0x00000000bc000000-0x00000000bfffffff] reserved
[    0.000000] BIOS-e820: [mem 0x00000000e2100000-0x00000000e2180fff] reserved
[    0.000000] BIOS-e820: [mem 0x00000000e3180000-0x00000000e3200fff] reserved
[    0.000000] BIOS-e820: [mem 0x00000000ef100000-0x00000000ef280fff] reserved
[    0.000000] BIOS-e820: [mem 0x00000000fa180000-0x00000000fa200fff] reserved
[    0.000000] BIOS-e820: [mem 0x00000000fa300000-0x00000000fa3fffff] reserved
[    0.000000] BIOS-e820: [mem 0x00000000fea00000-0x00000000feafffff] reserved
[    0.000000] BIOS-e820: [mem 0x00000000fec00000-0x00000000fec00fff] reserved
[    0.000000] BIOS-e820: [mem 0x00000000fec10000-0x00000000fec10fff] reserved
[    0.000000] BIOS-e820: [mem 0x00000000fed00000-0x00000000fed00fff] reserved
[    0.000000] BIOS-e820: [mem 0x00000000fed40000-0x00000000fed44fff] reserved
[    0.000000] BIOS-e820: [mem 0x00000000fed80000-0x00000000fed8ffff] reserved
[    0.000000] BIOS-e820: [mem 0x00000000fedc2000-0x00000000fedcffff] reserved
[    0.000000] BIOS-e820: [mem 0x00000000fedd4000-0x00000000fedd5fff] reserved
[    0.000000] BIOS-e820: [mem 0x00000000fee00000-0x00000000feefffff] reserved
[    0.000000] BIOS-e820: [mem 0x00000000ff000000-0x00000000ffffffff] reserved
[    0.000000] BIOS-e820: [mem 0x0000000100000000-0x000000203f1fffff] usable
[    0.000000] BIOS-e820: [mem 0x000000203f200000-0x00000020503fffff] reserved
[    0.000000] BIOS-e820: [mem 0x0000007880000000-0x00000078903fffff] reserved
[    0.000000] BIOS-e820: [mem 0x00000078b0000000-0x00000078c03fffff] reserved
[    0.000000] BIOS-e820: [mem 0x000000d0f0000000-0x000000d1003fffff] reserved
[    0.000000] NX (Execute Disable) protection: active
[    0.000000] e820: update [mem 0xb4b5b018-0xb4b7a657] usable ==> usable
[    0.000000] e820: update [mem 0xb4b5b018-0xb4b7a657] usable ==> usable
[    0.000000] e820: update [mem 0xb4b49018-0xb4b5a057] usable ==> usable
[    0.000000] e820: update [mem 0xb4b49018-0xb4b5a057] usable ==> usable
[    0.000000] extended physical RAM map:
[    0.000000] reserve setup_data: [mem 0x0000000000000000-0x000000000009ffff] usable
[    0.000000] reserve setup_data: [mem 0x00000000000a0000-0x00000000000fffff] reserved
[    0.000000] reserve setup_data: [mem 0x0000000000100000-0x0000000003ffffff] usable
[    0.000000] reserve setup_data: [mem 0x0000000004000000-0x0000000004011fff] ACPI NVS
[    0.000000] reserve setup_data: [mem 0x0000000004012000-0x0000000009df1fff] usable
[    0.000000] reserve setup_data: [mem 0x0000000009df2000-0x0000000009ffffff] reserved
[    0.000000] reserve setup_data: [mem 0x000000000a000000-0x00000000b4b49017] usable
[    0.000000] reserve setup_data: [mem 0x00000000b4b49018-0x00000000b4b5a057] usable
[    0.000000] reserve setup_data: [mem 0x00000000b4b5a058-0x00000000b4b5b017] usable
[    0.000000] reserve setup_data: [mem 0x00000000b4b5b018-0x00000000b4b7a657] usable
[    0.000000] reserve setup_data: [mem 0x00000000b4b7a658-0x00000000b9535fff] usable
[    0.000000] reserve setup_data: [mem 0x00000000b9536000-0x00000000b9894fff] reserved
[    0.000000] reserve setup_data: [mem 0x00000000b9895000-0x00000000b98f5fff] ACPI data
[    0.000000] reserve setup_data: [mem 0x00000000b98f6000-0x00000000b9fbdfff] ACPI NVS
[    0.000000] reserve setup_data: [mem 0x00000000b9fbe000-0x00000000bb1fefff] reserved
[    0.000000] reserve setup_data: [mem 0x00000000bb1ff000-0x00000000bbffffff] usable
[    0.000000] reserve setup_data: [mem 0x00000000bc000000-0x00000000bfffffff] reserved
[    0.000000] reserve setup_data: [mem 0x00000000e2100000-0x00000000e2180fff] reserved
[    0.000000] reserve setup_data: [mem 0x00000000e3180000-0x00000000e3200fff] reserved
[    0.000000] reserve setup_data: [mem 0x00000000ef100000-0x00000000ef280fff] reserved
[    0.000000] reserve setup_data: [mem 0x00000000fa180000-0x00000000fa200fff] reserved
[    0.000000] reserve setup_data: [mem 0x00000000fa300000-0x00000000fa3fffff] reserved
[    0.000000] reserve setup_data: [mem 0x00000000fea00000-0x00000000feafffff] reserved
[    0.000000] reserve setup_data: [mem 0x00000000fec00000-0x00000000fec00fff] reserved
[    0.000000] reserve setup_data: [mem 0x00000000fec10000-0x00000000fec10fff] reserved
[    0.000000] reserve setup_data: [mem 0x00000000fed00000-0x00000000fed00fff] reserved
[    0.000000] reserve setup_data: [mem 0x00000000fed40000-0x00000000fed44fff] reserved
[    0.000000] reserve setup_data: [mem 0x00000000fed80000-0x00000000fed8ffff] reserved
[    0.000000] reserve setup_data: [mem 0x00000000fedc2000-0x00000000fedcffff] reserved
[    0.000000] reserve setup_data: [mem 0x00000000fedd4000-0x00000000fedd5fff] reserved
[    0.000000] reserve setup_data: [mem 0x00000000fee00000-0x00000000feefffff] reserved
[    0.000000] reserve setup_data: [mem 0x00000000ff000000-0x00000000ffffffff] reserved
[    0.000000] reserve setup_data: [mem 0x0000000100000000-0x000000203f1fffff] usable
[    0.000000] reserve setup_data: [mem 0x000000203f200000-0x00000020503fffff] reserved
[    0.000000] reserve setup_data: [mem 0x0000007880000000-0x00000078903fffff] reserved
[    0.000000] reserve setup_data: [mem 0x00000078b0000000-0x00000078c03fffff] reserved
[    0.000000] reserve setup_data: [mem 0x000000d0f0000000-0x000000d1003fffff] reserved
[    0.000000] efi: EFI v2.70 by American Megatrends
[    0.000000] efi: ACPI=0xb9fa6000 ACPI 2.0=0xb9fa6014 SMBIOS=0xbb055000 SMBIOS 3.0=0xbb054000 MEMATTR=0xb4dbc018 ESRT=0xb74de898 RNG=0xbb06ea18 
[    0.000000] efi: seeding entropy pool
[    0.000000] random: fast init done
[    0.000000] secureboot: Secure boot disabled
[    0.000000] SMBIOS 3.3.0 present.
[    0.000000] DMI: Gigabyte Technology Co., Ltd. TRX40 AORUS PRO WIFI/TRX40 AORUS PRO WIFI, BIOS FBd 09/25/2020
[    0.000000] tsc: Fast TSC calibration failed
[    0.000000] e820: update [mem 0x00000000-0x00000fff] usable ==> reserved
[    0.000000] e820: remove [mem 0x000a0000-0x000fffff] usable
[    0.000000] last_pfn = 0x203f200 max_arch_pfn = 0x400000000
[    0.000000] MTRR default type: uncachable
[    0.000000] MTRR fixed ranges enabled:
[    0.000000]   00000-9FFFF write-back
[    0.000000]   A0000-BFFFF uncachable
[    0.000000]   C0000-CEFFF write-protect
[    0.000000]   CF000-CFFFF uncachable
[    0.000000]   D0000-DFFFF write-protect
[    0.000000]   E0000-E5FFF uncachable
[    0.000000]   E6000-FFFFF write-protect
[    0.000000] MTRR variable ranges enabled:
[    0.000000]   0 base 000000000000 mask FFFF80000000 write-back
[    0.000000]   1 base 000080000000 mask FFFFC0000000 write-back
[    0.000000]   2 base 0000BA4D0000 mask FFFFFFFF0000 uncachable
[    0.000000]   3 disabled
[    0.000000]   4 disabled
[    0.000000]   5 disabled
[    0.000000]   6 disabled
[    0.000000]   7 disabled
[    0.000000] TOM2: 0000002040000000 aka 132096M
[    0.000000] x86/PAT: Configuration [0-7]: WB  WC  UC- UC  WB  WP  UC- WT  
[    0.000000] total RAM covered: 3071M
[    0.000000] Found optimal setting for mtrr clean up
[    0.000000]  gran_size: 64K 	chunk_size: 128M 	num_reg: 3  	lose cover RAM: 0G
[    0.000000] e820: update [mem 0xba4d0000-0xba4dffff] usable ==> reserved
[    0.000000] e820: update [mem 0xc0000000-0xffffffff] usable ==> reserved
[    0.000000] last_pfn = 0xbc000 max_arch_pfn = 0x400000000
[    0.000000] found SMP MP-table at [mem 0x000fd520-0x000fd52f]
[    0.000000] esrt: Reserving ESRT space from 0x00000000b74de898 to 0x00000000b74de8d0.
[    0.000000] e820: update [mem 0xb74de000-0xb74defff] usable ==> reserved
[    0.000000] check: Scanning 1 areas for low memory corruption
[    0.000000] Using GB pages for direct mapping
[    0.000000] secureboot: Secure boot disabled
[    0.000000] RAMDISK: [mem 0x3a212000-0x3d484fff]
[    0.000000] ACPI: Early table checksum verification disabled
[    0.000000] ACPI: RSDP 0x00000000B9FA6014 000024 (v02 AMD   )
[    0.000000] ACPI: XSDT 0x00000000B9FA5728 0000C4 (v01 AMD    A M I    03242016 AMI  01000013)
[    0.000000] ACPI: FACP 0x00000000B98DC000 000114 (v06 AMD    A M I    03242016 AMI  00010013)
[    0.000000] ACPI: DSDT 0x00000000B98CD000 00ED2F (v02 AMD    A M I    03242016 INTL 20160930)
[    0.000000] ACPI: FACS 0x00000000B9F9B000 000040
[    0.000000] ACPI: SSDT 0x00000000B98EA000 00BFCF (v01 GBT    GSWApp   00000001 INTL 20160930)
[    0.000000] ACPI: SSDT 0x00000000B98E1000 008C98 (v02 AMD    AmdTable 00000002 MSFT 04000000)
[    0.000000] ACPI: SSDT 0x00000000B98DD000 003918 (v01 AMD    AMD AOD  00000001 INTL 20160930)
[    0.000000] ACPI: FIDT 0x00000000B98CC000 00009C (v01 AMD    A M I    03242016 AMI  00010013)
[    0.000000] ACPI: MCFG 0x00000000B98CB000 00003C (v01 AMD    A M I    03242016 MSFT 00010013)
[    0.000000] ACPI: SSDT 0x00000000B98CA000 00036C (v02 AMD    CPUSSDT  03242016 AMI  03242016)
[    0.000000] ACPI: HPET 0x00000000B98C9000 000038 (v01 AMD    A M I    03242016 AMI  00000005)
[    0.000000] ACPI: SSDT 0x00000000B98C8000 000024 (v01 AMD    BIXBY    00001000 INTL 20160930)
[    0.000000] ACPI: BGRT 0x00000000B98C7000 000038 (v01 AMD    A M I    03242016 AMI  00010013)
[    0.000000] ACPI: IVRS 0x00000000B98C6000 0001F0 (v02 AMD    AmdTable 00000001 AMD  00000000)
[    0.000000] ACPI: PCCT 0x00000000B98C5000 00006E (v02 AMD    AmdTable 00000001 AMD  00000000)
[    0.000000] ACPI: SSDT 0x00000000B98B5000 00FA49 (v01 AMD    AmdTable 00000001 AMD  00000001)
[    0.000000] ACPI: CRAT 0x00000000B98B1000 003AD0 (v01 AMD    AmdTable 00000001 AMD  00000001)
[    0.000000] ACPI: CDIT 0x00000000B98B0000 000029 (v01 AMD    AmdTable 00000001 AMD  00000001)
[    0.000000] ACPI: SSDT 0x00000000B98AD000 002D5B (v01 AMD    SHAKTOOH 00000001 INTL 20160930)
[    0.000000] ACPI: WSMT 0x00000000B98AC000 000028 (v01 AMD    A M I    03242016 AMI  00010013)
[    0.000000] ACPI: APIC 0x00000000B98AB000 000482 (v03 AMD    A M I    03242016 AMI  00010013)
[    0.000000] ACPI: SSDT 0x00000000B98A9000 0013FE (v01 AMD    SHAKTOOH 00000001 INTL 20160930)
[    0.000000] ACPI: FPDT 0x00000000B98A8000 000044 (v01 AMD    A M I    01072009 AMI  01000013)
[    0.000000] ACPI: Local APIC address 0xfee00000
[    0.000000] No NUMA configuration found
[    0.000000] Faking a node at [mem 0x0000000000000000-0x000000203f1fffff]
[    0.000000] NODE_DATA(0) allocated [mem 0x203f1d6000-0x203f1fffff]
[    0.000000] Zone ranges:
[    0.000000]   DMA      [mem 0x0000000000001000-0x0000000000ffffff]
[    0.000000]   DMA32    [mem 0x0000000001000000-0x00000000ffffffff]
[    0.000000]   Normal   [mem 0x0000000100000000-0x000000203f1fffff]
[    0.000000]   Device   empty
[    0.000000] Movable zone start for each node
[    0.000000] Early memory node ranges
[    0.000000]   node   0: [mem 0x0000000000001000-0x000000000009ffff]
[    0.000000]   node   0: [mem 0x0000000000100000-0x0000000003ffffff]
[    0.000000]   node   0: [mem 0x0000000004012000-0x0000000009df1fff]
[    0.000000]   node   0: [mem 0x000000000a000000-0x00000000b9535fff]
[    0.000000]   node   0: [mem 0x00000000bb1ff000-0x00000000bbffffff]
[    0.000000]   node   0: [mem 0x0000000100000000-0x000000203f1fffff]
[    0.000000] Zeroed struct page in unavailable ranges: 27978 pages
[    0.000000] Initmem setup node 0 [mem 0x0000000000001000-0x000000203f1fffff]
[    0.000000] On node 0 totalpages: 33526454
[    0.000000]   DMA zone: 64 pages used for memmap
[    0.000000]   DMA zone: 29 pages reserved
[    0.000000]   DMA zone: 3999 pages, LIFO batch:0
[    0.000000]   DMA32 zone: 11845 pages used for memmap
[    0.000000]   DMA32 zone: 758039 pages, LIFO batch:63
[    0.000000]   Normal zone: 511944 pages used for memmap
[    0.000000]   Normal zone: 32764416 pages, LIFO batch:63
[    0.000000] ACPI: PM-Timer IO Port: 0x808
[    0.000000] ACPI: Local APIC address 0xfee00000
[    0.000000] ACPI: LAPIC_NMI (acpi_id[0xff] high edge lint[0x1])
[    0.000000] IOAPIC[0]: apic_id 128, version 33, address 0xfec00000, GSI 0-23
[    0.000000] IOAPIC[1]: apic_id 129, version 33, address 0xfa200000, GSI 120-151
[    0.000000] IOAPIC[2]: apic_id 130, version 33, address 0xe3200000, GSI 88-119
[    0.000000] IOAPIC[3]: apic_id 131, version 33, address 0xe2180000, GSI 56-87
[    0.000000] IOAPIC[4]: apic_id 132, version 33, address 0xef280000, GSI 24-55
[    0.000000] ACPI: INT_SRC_OVR (bus 0 bus_irq 0 global_irq 2 dfl dfl)
[    0.000000] ACPI: INT_SRC_OVR (bus 0 bus_irq 9 global_irq 9 low level)
[    0.000000] ACPI: IRQ0 used by override.
[    0.000000] ACPI: IRQ9 used by override.
[    0.000000] Using ACPI (MADT) for SMP configuration information
[    0.000000] ACPI: HPET id: 0x10228201 base: 0xfed00000
[    0.000000] e820: update [mem 0xb5957000-0xb59adfff] usable ==> reserved
[    0.000000] smpboot: Allowing 128 CPUs, 64 hotplug CPUs
[    0.000000] PM: hibernation: Registered nosave memory: [mem 0x00000000-0x00000fff]
[    0.000000] PM: hibernation: Registered nosave memory: [mem 0x000a0000-0x000fffff]
[    0.000000] PM: hibernation: Registered nosave memory: [mem 0x04000000-0x04011fff]
[    0.000000] PM: hibernation: Registered nosave memory: [mem 0x09df2000-0x09ffffff]
[    0.000000] PM: hibernation: Registered nosave memory: [mem 0xb4b49000-0xb4b49fff]
[    0.000000] PM: hibernation: Registered nosave memory: [mem 0xb4b5a000-0xb4b5afff]
[    0.000000] PM: hibernation: Registered nosave memory: [mem 0xb4b5b000-0xb4b5bfff]
[    0.000000] PM: hibernation: Registered nosave memory: [mem 0xb4b7a000-0xb4b7afff]
[    0.000000] PM: hibernation: Registered nosave memory: [mem 0xb5957000-0xb59adfff]
[    0.000000] PM: hibernation: Registered nosave memory: [mem 0xb74de000-0xb74defff]
[    0.000000] PM: hibernation: Registered nosave memory: [mem 0xb9536000-0xb9894fff]
[    0.000000] PM: hibernation: Registered nosave memory: [mem 0xb9895000-0xb98f5fff]
[    0.000000] PM: hibernation: Registered nosave memory: [mem 0xb98f6000-0xb9fbdfff]
[    0.000000] PM: hibernation: Registered nosave memory: [mem 0xb9fbe000-0xbb1fefff]
[    0.000000] PM: hibernation: Registered nosave memory: [mem 0xbc000000-0xbfffffff]
[    0.000000] PM: hibernation: Registered nosave memory: [mem 0xc0000000-0xe20fffff]
[    0.000000] PM: hibernation: Registered nosave memory: [mem 0xe2100000-0xe2180fff]
[    0.000000] PM: hibernation: Registered nosave memory: [mem 0xe2181000-0xe317ffff]
[    0.000000] PM: hibernation: Registered nosave memory: [mem 0xe3180000-0xe3200fff]
[    0.000000] PM: hibernation: Registered nosave memory: [mem 0xe3201000-0xef0fffff]
[    0.000000] PM: hibernation: Registered nosave memory: [mem 0xef100000-0xef280fff]
[    0.000000] PM: hibernation: Registered nosave memory: [mem 0xef281000-0xfa17ffff]
[    0.000000] PM: hibernation: Registered nosave memory: [mem 0xfa180000-0xfa200fff]
[    0.000000] PM: hibernation: Registered nosave memory: [mem 0xfa201000-0xfa2fffff]
[    0.000000] PM: hibernation: Registered nosave memory: [mem 0xfa300000-0xfa3fffff]
[    0.000000] PM: hibernation: Registered nosave memory: [mem 0xfa400000-0xfe9fffff]
[    0.000000] PM: hibernation: Registered nosave memory: [mem 0xfea00000-0xfeafffff]
[    0.000000] PM: hibernation: Registered nosave memory: [mem 0xfeb00000-0xfebfffff]
[    0.000000] PM: hibernation: Registered nosave memory: [mem 0xfec00000-0xfec00fff]
[    0.000000] PM: hibernation: Registered nosave memory: [mem 0xfec01000-0xfec0ffff]
[    0.000000] PM: hibernation: Registered nosave memory: [mem 0xfec10000-0xfec10fff]
[    0.000000] PM: hibernation: Registered nosave memory: [mem 0xfec11000-0xfecfffff]
[    0.000000] PM: hibernation: Registered nosave memory: [mem 0xfed00000-0xfed00fff]
[    0.000000] PM: hibernation: Registered nosave memory: [mem 0xfed01000-0xfed3ffff]
[    0.000000] PM: hibernation: Registered nosave memory: [mem 0xfed40000-0xfed44fff]
[    0.000000] PM: hibernation: Registered nosave memory: [mem 0xfed45000-0xfed7ffff]
[    0.000000] PM: hibernation: Registered nosave memory: [mem 0xfed80000-0xfed8ffff]
[    0.000000] PM: hibernation: Registered nosave memory: [mem 0xfed90000-0xfedc1fff]
[    0.000000] PM: hibernation: Registered nosave memory: [mem 0xfedc2000-0xfedcffff]
[    0.000000] PM: hibernation: Registered nosave memory: [mem 0xfedd0000-0xfedd3fff]
[    0.000000] PM: hibernation: Registered nosave memory: [mem 0xfedd4000-0xfedd5fff]
[    0.000000] PM: hibernation: Registered nosave memory: [mem 0xfedd6000-0xfedfffff]
[    0.000000] PM: hibernation: Registered nosave memory: [mem 0xfee00000-0xfeefffff]
[    0.000000] PM: hibernation: Registered nosave memory: [mem 0xfef00000-0xfeffffff]
[    0.000000] PM: hibernation: Registered nosave memory: [mem 0xff000000-0xffffffff]
[    0.000000] [mem 0xc0000000-0xe20fffff] available for PCI devices
[    0.000000] Booting paravirtualized kernel on bare hardware
[    0.000000] clocksource: refined-jiffies: mask: 0xffffffff max_cycles: 0xffffffff, max_idle_ns: 7645519600211568 ns
[    0.000000] setup_percpu: NR_CPUS:8192 nr_cpumask_bits:128 nr_cpu_ids:128 nr_node_ids:1
[    0.000000] percpu: Embedded 56 pages/cpu s192512 r8192 d28672 u262144
[    0.000000] pcpu-alloc: s192512 r8192 d28672 u262144 alloc=1*2097152
[    0.000000] pcpu-alloc: [0] 000 001 002 003 004 005 006 007 
[    0.000000] pcpu-alloc: [0] 008 009 010 011 012 013 014 015 
[    0.000000] pcpu-alloc: [0] 016 017 018 019 020 021 022 023 
[    0.000000] pcpu-alloc: [0] 024 025 026 027 028 029 030 031 
[    0.000000] pcpu-alloc: [0] 032 033 034 035 036 037 038 039 
[    0.000000] pcpu-alloc: [0] 040 041 042 043 044 045 046 047 
[    0.000000] pcpu-alloc: [0] 048 049 050 051 052 053 054 055 
[    0.000000] pcpu-alloc: [0] 056 057 058 059 060 061 062 063 
[    0.000000] pcpu-alloc: [0] 064 065 066 067 068 069 070 071 
[    0.000000] pcpu-alloc: [0] 072 073 074 075 076 077 078 079 
[    0.000000] pcpu-alloc: [0] 080 081 082 083 084 085 086 087 
[    0.000000] pcpu-alloc: [0] 088 089 090 091 092 093 094 095 
[    0.000000] pcpu-alloc: [0] 096 097 098 099 100 101 102 103 
[    0.000000] pcpu-alloc: [0] 104 105 106 107 108 109 110 111 
[    0.000000] pcpu-alloc: [0] 112 113 114 115 116 117 118 119 
[    0.000000] pcpu-alloc: [0] 120 121 122 123 124 125 126 127 
[    0.000000] Built 1 zonelists, mobility grouping on.  Total pages: 33002572
[    0.000000] Policy zone: Normal
[    0.000000] Kernel command line: BOOT_IMAGE=/boot/vmlinuz-5.8.0-50-generic root=UUID=26189dec-f1c9-4924-aea0-46f3c2165b97 ro quiet splash vt.handoff=7
[    0.000000] printk: log_buf_len individual max cpu contribution: 4096 bytes
[    0.000000] printk: log_buf_len total cpu_extra contributions: 520192 bytes
[    0.000000] printk: log_buf_len min size: 262144 bytes
[    0.000000] printk: log_buf_len: 1048576 bytes
[    0.000000] printk: early log buf free: 241176(92%)
[    0.000000] Dentry cache hash table entries: 8388608 (order: 14, 67108864 bytes, linear)
[    0.000000] Inode-cache hash table entries: 4194304 (order: 13, 33554432 bytes, linear)
[    0.000000] mem auto-init: stack:off, heap alloc:on, heap free:off
[    0.000000] Memory: 131641044K/134105816K available (14339K kernel code, 2537K rwdata, 5452K rodata, 2644K init, 4916K bss, 2464772K reserved, 0K cma-reserved)
[    0.000000] random: get_random_u64 called from kmem_cache_open+0x2d/0x410 with crng_init=1
[    0.000000] SLUB: HWalign=64, Order=0-3, MinObjects=0, CPUs=128, Nodes=1
[    0.000000] ftrace: allocating 46462 entries in 182 pages
[    0.000000] ftrace: allocated 182 pages with 5 groups
[    0.000000] rcu: Hierarchical RCU implementation.
[    0.000000] rcu: 	RCU restricting CPUs from NR_CPUS=8192 to nr_cpu_ids=128.
[    0.000000] 	Trampoline variant of Tasks RCU enabled.
[    0.000000] 	Rude variant of Tasks RCU enabled.
[    0.000000] 	Tracing variant of Tasks RCU enabled.
[    0.000000] rcu: RCU calculated value of scheduler-enlistment delay is 25 jiffies.
[    0.000000] rcu: Adjusting geometry for rcu_fanout_leaf=16, nr_cpu_ids=128
[    0.000000] NR_IRQS: 524544, nr_irqs: 3624, preallocated irqs: 16
[    0.000000] random: crng done (trusting CPU's manufacturer)
[    0.000000] vt handoff: transparent VT on vt#7
[    0.000000] Console: colour dummy device 80x25
[    0.000000] printk: console [tty0] enabled
[    0.000000] ACPI: Core revision 20200528
[    0.000000] clocksource: hpet: mask: 0xffffffff max_cycles: 0xffffffff, max_idle_ns: 133484873504 ns
[    0.000000] APIC: Switch to symmetric I/O mode setup
[    0.000000] Switched APIC routing to physical flat.
[    0.000000] ..TIMER: vector=0x30 apic1=0 pin1=2 apic2=-1 pin2=-1
[    0.024000] tsc: PIT calibration matches HPET. 1 loops
[    0.024000] tsc: Detected 3693.066 MHz processor
[    0.000005] clocksource: tsc-early: mask: 0xffffffffffffffff max_cycles: 0x6a777f5ec77, max_idle_ns: 881590624261 ns
[    0.000008] Calibrating delay loop (skipped), value calculated using timer frequency.. 7386.13 BogoMIPS (lpj=14772264)
[    0.000009] pid_max: default: 131072 minimum: 1024
[    0.005011] LSM: Security Framework initializing
[    0.005025] Yama: becoming mindful.
[    0.005048] AppArmor: AppArmor initialized
[    0.005188] Mount-cache hash table entries: 131072 (order: 8, 1048576 bytes, linear)
[    0.005266] Mountpoint-cache hash table entries: 131072 (order: 8, 1048576 bytes, linear)
[    0.005672] x86/cpu: User Mode Instruction Prevention (UMIP) activated
[    0.005735] LVT offset 1 assigned for vector 0xf9
[    0.005874] LVT offset 2 assigned for vector 0xf4
[    0.005912] Last level iTLB entries: 4KB 1024, 2MB 1024, 4MB 512
[    0.005912] Last level dTLB entries: 4KB 2048, 2MB 2048, 4MB 1024, 1GB 0
[    0.005914] Spectre V1 : Mitigation: usercopy/swapgs barriers and __user pointer sanitization
[    0.005915] Spectre V2 : Mitigation: Full AMD retpoline
[    0.005916] Spectre V2 : Spectre v2 / SpectreRSB mitigation: Filling RSB on context switch
[    0.005917] Spectre V2 : mitigation: Enabling conditional Indirect Branch Prediction Barrier
[    0.005918] Spectre V2 : User space: Mitigation: STIBP via seccomp and prctl
[    0.005919] Speculative Store Bypass: Mitigation: Speculative Store Bypass disabled via prctl and seccomp
[    0.006148] Freeing SMP alternatives memory: 40K
[    0.116516] smpboot: CPU0: AMD Ryzen Threadripper 3970X 32-Core Processor (family: 0x17, model: 0x31, stepping: 0x0)
[    0.116646] Performance Events: Fam17h+ core perfctr, AMD PMU driver.
[    0.116649] ... version:                0
[    0.116649] ... bit width:              48
[    0.116650] ... generic registers:      6
[    0.116650] ... value mask:             0000ffffffffffff
[    0.116650] ... max period:             00007fffffffffff
[    0.116651] ... fixed-purpose events:   0
[    0.116651] ... event mask:             000000000000003f
[    0.116736] rcu: Hierarchical SRCU implementation.
[    0.117194] NMI watchdog: Enabled. Permanently consumes one hw-PMU counter.
[    0.117836] smp: Bringing up secondary CPUs ...
[    0.117910] x86: Booting SMP configuration:
[    0.117911] .... node  #0, CPUs:          #1   #2   #3   #4   #5   #6   #7   #8   #9  #10  #11  #12  #13  #14  #15  #16  #17  #18  #19  #20  #21  #22  #23  #24  #25  #26  #27  #28  #29  #30  #31  #32  #33  #34  #35  #36  #37  #38  #39  #40  #41  #42  #43  #44  #45  #46  #47  #48  #49  #50  #51  #52  #53  #54  #55  #56  #57  #58  #59  #60  #61  #62  #63
[    0.266289] smp: Brought up 1 node, 64 CPUs
[    0.266289] smpboot: Max logical packages: 2
[    0.266289] smpboot: Total of 64 processors activated (472712.44 BogoMIPS)
[    0.273116] devtmpfs: initialized
[    0.273116] x86/mm: Memory block size: 128MB
[    0.278326] PM: Registering ACPI NVS region [mem 0x04000000-0x04011fff] (73728 bytes)
[    0.278326] PM: Registering ACPI NVS region [mem 0xb98f6000-0xb9fbdfff] (7110656 bytes)
[    0.278326] clocksource: jiffies: mask: 0xffffffff max_cycles: 0xffffffff, max_idle_ns: 7645041785100000 ns
[    0.278326] futex hash table entries: 32768 (order: 9, 2097152 bytes, linear)
[    0.278326] pinctrl core: initialized pinctrl subsystem
[    0.278326] PM: RTC time: 08:34:45, date: 2021-04-21
[    0.278326] thermal_sys: Registered thermal governor 'fair_share'
[    0.278326] thermal_sys: Registered thermal governor 'bang_bang'
[    0.278326] thermal_sys: Registered thermal governor 'step_wise'
[    0.278326] thermal_sys: Registered thermal governor 'user_space'
[    0.278326] thermal_sys: Registered thermal governor 'power_allocator'
[    0.278326] NET: Registered protocol family 16
[    0.278326] DMA: preallocated 4096 KiB GFP_KERNEL pool for atomic allocations
[    0.278326] DMA: preallocated 4096 KiB GFP_KERNEL|GFP_DMA pool for atomic allocations
[    0.278326] DMA: preallocated 4096 KiB GFP_KERNEL|GFP_DMA32 pool for atomic allocations
[    0.278326] audit: initializing netlink subsys (disabled)
[    0.280033] audit: type=2000 audit(1618994085.304:1): state=initialized audit_enabled=0 res=1
[    0.280154] EISA bus registered
[    0.280177] cpuidle: using governor ladder
[    0.280177] cpuidle: using governor menu
[    0.280177] Detected 1 PCC Subspaces
[    0.280177] Registering PCC driver as Mailbox controller
[    0.280177] ACPI: bus type PCI registered
[    0.280177] acpiphp: ACPI Hot Plug PCI Controller Driver version: 0.5
[    0.280211] PCI: MMCONFIG for domain 0000 [bus 00-7f] at [mem 0xf0000000-0xf7ffffff] (base 0xf0000000)
[    0.280234] PCI: not using MMCONFIG
[    0.280234] PCI: Using configuration type 1 for base access
[    0.280234] PCI: Using configuration type 1 for extended access
[    0.284313] HugeTLB registered 1.00 GiB page size, pre-allocated 0 pages
[    0.284313] HugeTLB registered 2.00 MiB page size, pre-allocated 0 pages
[    0.284313] ACPI: Added _OSI(Module Device)
[    0.284313] ACPI: Added _OSI(Processor Device)
[    0.284313] ACPI: Added _OSI(3.0 _SCP Extensions)
[    0.284313] ACPI: Added _OSI(Processor Aggregator Device)
[    0.284313] ACPI: Added _OSI(Linux-Dell-Video)
[    0.284313] ACPI: Added _OSI(Linux-Lenovo-NV-HDMI-Audio)
[    0.284313] ACPI: Added _OSI(Linux-HPI-Hybrid-Graphics)
[    0.312209] ACPI BIOS Error (bug): Failure creating named object [\_SB.I2CA.WT1A], AE_ALREADY_EXISTS (20200528/dswload2-326)
[    0.312215] ACPI Error: AE_ALREADY_EXISTS, During name lookup/catalog (20200528/psobject-220)
[    0.312217] ACPI: Skipping parse of AML opcode: Device (0x5B82)
[    0.312218] ACPI BIOS Error (bug): Failure creating named object [\_SB.I2CA.MT1A], AE_ALREADY_EXISTS (20200528/dswload2-326)
[    0.312220] ACPI Error: AE_ALREADY_EXISTS, During name lookup/catalog (20200528/psobject-220)
[    0.312221] ACPI: Skipping parse of AML opcode: Device (0x5B82)
[    0.312223] ACPI BIOS Error (bug): Failure creating named object [\_SB.I2CA.WT2A], AE_ALREADY_EXISTS (20200528/dswload2-326)
[    0.312224] ACPI Error: AE_ALREADY_EXISTS, During name lookup/catalog (20200528/psobject-220)
[    0.312225] ACPI: Skipping parse of AML opcode: Device (0x5B82)
[    0.312227] ACPI BIOS Error (bug): Failure creating named object [\_SB.I2CA.MT2A], AE_ALREADY_EXISTS (20200528/dswload2-326)
[    0.312228] ACPI Error: AE_ALREADY_EXISTS, During name lookup/catalog (20200528/psobject-220)
[    0.312229] ACPI: Skipping parse of AML opcode: Device (0x5B82)
[    0.312230] ACPI BIOS Error (bug): Failure creating named object [\_SB.I2CA.WT3A], AE_ALREADY_EXISTS (20200528/dswload2-326)
[    0.312232] ACPI Error: AE_ALREADY_EXISTS, During name lookup/catalog (20200528/psobject-220)
[    0.312233] ACPI: Skipping parse of AML opcode: Device (0x5B82)
[    0.312234] ACPI BIOS Error (bug): Failure creating named object [\_SB.I2CA.MT3A], AE_ALREADY_EXISTS (20200528/dswload2-326)
[    0.312236] ACPI Error: AE_ALREADY_EXISTS, During name lookup/catalog (20200528/psobject-220)
[    0.312237] ACPI: Skipping parse of AML opcode: Device (0x5B82)
[    0.312238] ACPI BIOS Error (bug): Failure creating named object [\_SB.I2CA.WT4A], AE_ALREADY_EXISTS (20200528/dswload2-326)
[    0.312240] ACPI Error: AE_ALREADY_EXISTS, During name lookup/catalog (20200528/psobject-220)
[    0.312241] ACPI: Skipping parse of AML opcode: Device (0x5B82)
[    0.312242] ACPI BIOS Error (bug): Failure creating named object [\_SB.I2CA.MT4A], AE_ALREADY_EXISTS (20200528/dswload2-326)
[    0.312243] ACPI Error: AE_ALREADY_EXISTS, During name lookup/catalog (20200528/psobject-220)
[    0.312244] ACPI: Skipping parse of AML opcode: Device (0x5B82)
[    0.312245] ACPI BIOS Error (bug): Failure creating named object [\_SB.I2CA.MT5A], AE_ALREADY_EXISTS (20200528/dswload2-326)
[    0.312247] ACPI Error: AE_ALREADY_EXISTS, During name lookup/catalog (20200528/psobject-220)
[    0.312248] ACPI: Skipping parse of AML opcode: Device (0x5B82)
[    0.312251] ACPI BIOS Error (bug): Failure creating named object [\_SB.I2CB.WT1B], AE_ALREADY_EXISTS (20200528/dswload2-326)
[    0.312252] ACPI Error: AE_ALREADY_EXISTS, During name lookup/catalog (20200528/psobject-220)
[    0.312253] ACPI: Skipping parse of AML opcode: Device (0x5B82)
[    0.312255] ACPI BIOS Error (bug): Failure creating named object [\_SB.I2CB.MT1B], AE_ALREADY_EXISTS (20200528/dswload2-326)
[    0.312256] ACPI Error: AE_ALREADY_EXISTS, During name lookup/catalog (20200528/psobject-220)
[    0.312257] ACPI: Skipping parse of AML opcode: Device (0x5B82)
[    0.312258] ACPI BIOS Error (bug): Failure creating named object [\_SB.I2CB.WT2B], AE_ALREADY_EXISTS (20200528/dswload2-326)
[    0.312260] ACPI Error: AE_ALREADY_EXISTS, During name lookup/catalog (20200528/psobject-220)
[    0.312261] ACPI: Skipping parse of AML opcode: Device (0x5B82)
[    0.312262] ACPI BIOS Error (bug): Failure creating named object [\_SB.I2CB.MT2B], AE_ALREADY_EXISTS (20200528/dswload2-326)
[    0.312264] ACPI Error: AE_ALREADY_EXISTS, During name lookup/catalog (20200528/psobject-220)
[    0.312265] ACPI: Skipping parse of AML opcode: Device (0x5B82)
[    0.312266] ACPI BIOS Error (bug): Failure creating named object [\_SB.I2CB.WT3B], AE_ALREADY_EXISTS (20200528/dswload2-326)
[    0.312267] ACPI Error: AE_ALREADY_EXISTS, During name lookup/catalog (20200528/psobject-220)
[    0.312268] ACPI: Skipping parse of AML opcode: Device (0x5B82)
[    0.312269] ACPI BIOS Error (bug): Failure creating named object [\_SB.I2CB.MT3B], AE_ALREADY_EXISTS (20200528/dswload2-326)
[    0.312271] ACPI Error: AE_ALREADY_EXISTS, During name lookup/catalog (20200528/psobject-220)
[    0.312272] ACPI: Skipping parse of AML opcode: Device (0x5B82)
[    0.312273] ACPI BIOS Error (bug): Failure creating named object [\_SB.I2CB.WT4B], AE_ALREADY_EXISTS (20200528/dswload2-326)
[    0.312275] ACPI Error: AE_ALREADY_EXISTS, During name lookup/catalog (20200528/psobject-220)
[    0.312276] ACPI: Skipping parse of AML opcode: Device (0x5B82)
[    0.312277] ACPI BIOS Error (bug): Failure creating named object [\_SB.I2CB.MT4B], AE_ALREADY_EXISTS (20200528/dswload2-326)
[    0.312278] ACPI Error: AE_ALREADY_EXISTS, During name lookup/catalog (20200528/psobject-220)
[    0.312279] ACPI: Skipping parse of AML opcode: Device (0x5B82)
[    0.312280] ACPI BIOS Error (bug): Failure creating named object [\_SB.I2CB.MT5B], AE_ALREADY_EXISTS (20200528/dswload2-326)
[    0.312282] ACPI Error: AE_ALREADY_EXISTS, During name lookup/catalog (20200528/psobject-220)
[    0.312283] ACPI: Skipping parse of AML opcode: Device (0x5B82)
[    0.312286] ACPI BIOS Error (bug): Failure creating named object [\_SB.I2CC.WT1C], AE_ALREADY_EXISTS (20200528/dswload2-326)
[    0.312287] ACPI Error: AE_ALREADY_EXISTS, During name lookup/catalog (20200528/psobject-220)
[    0.312288] ACPI: Skipping parse of AML opcode: Device (0x5B82)
[    0.312289] ACPI BIOS Error (bug): Failure creating named object [\_SB.I2CC.MT1C], AE_ALREADY_EXISTS (20200528/dswload2-326)
[    0.312291] ACPI Error: AE_ALREADY_EXISTS, During name lookup/catalog (20200528/psobject-220)
[    0.312292] ACPI: Skipping parse of AML opcode: Device (0x5B82)
[    0.312293] ACPI BIOS Error (bug): Failure creating named object [\_SB.I2CC.WT2C], AE_ALREADY_EXISTS (20200528/dswload2-326)
[    0.312295] ACPI Error: AE_ALREADY_EXISTS, During name lookup/catalog (20200528/psobject-220)
[    0.312296] ACPI: Skipping parse of AML opcode: Device (0x5B82)
[    0.312297] ACPI BIOS Error (bug): Failure creating named object [\_SB.I2CC.MT2C], AE_ALREADY_EXISTS (20200528/dswload2-326)
[    0.312299] ACPI Error: AE_ALREADY_EXISTS, During name lookup/catalog (20200528/psobject-220)
[    0.312300] ACPI: Skipping parse of AML opcode: Device (0x5B82)
[    0.312301] ACPI BIOS Error (bug): Failure creating named object [\_SB.I2CC.WT3C], AE_ALREADY_EXISTS (20200528/dswload2-326)
[    0.312302] ACPI Error: AE_ALREADY_EXISTS, During name lookup/catalog (20200528/psobject-220)
[    0.312303] ACPI: Skipping parse of AML opcode: Device (0x5B82)
[    0.312304] ACPI BIOS Error (bug): Failure creating named object [\_SB.I2CC.MT3C], AE_ALREADY_EXISTS (20200528/dswload2-326)
[    0.312306] ACPI Error: AE_ALREADY_EXISTS, During name lookup/catalog (20200528/psobject-220)
[    0.312307] ACPI: Skipping parse of AML opcode: Device (0x5B82)
[    0.312308] ACPI BIOS Error (bug): Failure creating named object [\_SB.I2CC.WT4C], AE_ALREADY_EXISTS (20200528/dswload2-326)
[    0.312310] ACPI Error: AE_ALREADY_EXISTS, During name lookup/catalog (20200528/psobject-220)
[    0.312311] ACPI: Skipping parse of AML opcode: Device (0x5B82)
[    0.312312] ACPI BIOS Error (bug): Failure creating named object [\_SB.I2CC.MT4C], AE_ALREADY_EXISTS (20200528/dswload2-326)
[    0.312313] ACPI Error: AE_ALREADY_EXISTS, During name lookup/catalog (20200528/psobject-220)
[    0.312314] ACPI: Skipping parse of AML opcode: Device (0x5B82)
[    0.312315] ACPI BIOS Error (bug): Failure creating named object [\_SB.I2CC.MT5C], AE_ALREADY_EXISTS (20200528/dswload2-326)
[    0.312317] ACPI Error: AE_ALREADY_EXISTS, During name lookup/catalog (20200528/psobject-220)
[    0.312318] ACPI: Skipping parse of AML opcode: Device (0x5B82)
[    0.312321] ACPI BIOS Error (bug): Failure creating named object [\_SB.I2CD.WT1D], AE_ALREADY_EXISTS (20200528/dswload2-326)
[    0.312323] ACPI Error: AE_ALREADY_EXISTS, During name lookup/catalog (20200528/psobject-220)
[    0.312324] ACPI: Skipping parse of AML opcode: Device (0x5B82)
[    0.312325] ACPI BIOS Error (bug): Failure creating named object [\_SB.I2CD.MT1D], AE_ALREADY_EXISTS (20200528/dswload2-326)
[    0.312327] ACPI Error: AE_ALREADY_EXISTS, During name lookup/catalog (20200528/psobject-220)
[    0.312328] ACPI: Skipping parse of AML opcode: Device (0x5B82)
[    0.312329] ACPI BIOS Error (bug): Failure creating named object [\_SB.I2CD.WT2D], AE_ALREADY_EXISTS (20200528/dswload2-326)
[    0.312330] ACPI Error: AE_ALREADY_EXISTS, During name lookup/catalog (20200528/psobject-220)
[    0.312331] ACPI: Skipping parse of AML opcode: Device (0x5B82)
[    0.312332] ACPI BIOS Error (bug): Failure creating named object [\_SB.I2CD.MT2D], AE_ALREADY_EXISTS (20200528/dswload2-326)
[    0.312334] ACPI Error: AE_ALREADY_EXISTS, During name lookup/catalog (20200528/psobject-220)
[    0.312336] ACPI: Skipping parse of AML opcode: Device (0x5B82)
[    0.312337] ACPI BIOS Error (bug): Failure creating named object [\_SB.I2CD.WT3D], AE_ALREADY_EXISTS (20200528/dswload2-326)
[    0.312339] ACPI Error: AE_ALREADY_EXISTS, During name lookup/catalog (20200528/psobject-220)
[    0.312340] ACPI: Skipping parse of AML opcode: Device (0x5B82)
[    0.312341] ACPI BIOS Error (bug): Failure creating named object [\_SB.I2CD.MT3D], AE_ALREADY_EXISTS (20200528/dswload2-326)
[    0.312343] ACPI Error: AE_ALREADY_EXISTS, During name lookup/catalog (20200528/psobject-220)
[    0.312345] ACPI: Skipping parse of AML opcode: Device (0x5B82)
[    0.312346] ACPI BIOS Error (bug): Failure creating named object [\_SB.I2CD.WT4D], AE_ALREADY_EXISTS (20200528/dswload2-326)
[    0.312347] ACPI Error: AE_ALREADY_EXISTS, During name lookup/catalog (20200528/psobject-220)
[    0.312348] ACPI: Skipping parse of AML opcode: Device (0x5B82)
[    0.312349] ACPI BIOS Error (bug): Failure creating named object [\_SB.I2CD.MT4D], AE_ALREADY_EXISTS (20200528/dswload2-326)
[    0.312351] ACPI Error: AE_ALREADY_EXISTS, During name lookup/catalog (20200528/psobject-220)
[    0.312352] ACPI: Skipping parse of AML opcode: Device (0x5B82)
[    0.312354] ACPI BIOS Error (bug): Failure creating named object [\_SB.I2CD.MT5D], AE_ALREADY_EXISTS (20200528/dswload2-326)
[    0.312356] ACPI Error: AE_ALREADY_EXISTS, During name lookup/catalog (20200528/psobject-220)
[    0.312357] ACPI: Skipping parse of AML opcode: Device (0x5B82)
[    0.312458] ACPI: 9 ACPI AML tables successfully acquired and loaded
[    1.876354] ACPI: Interpreter enabled
[    1.876366] ACPI: (supports S0 S3 S4 S5)
[    1.876367] ACPI: Using IOAPIC for interrupt routing
[    1.876683] PCI: MMCONFIG for domain 0000 [bus 00-7f] at [mem 0xf0000000-0xf7ffffff] (base 0xf0000000)
[    1.876726] PCI: MMCONFIG at [mem 0xf0000000-0xf7ffffff] reserved in ACPI motherboard resources
[    1.876734] PCI: Using host bridge windows from ACPI; if necessary, use "pci=nocrs" and report a bug
[    1.877292] ACPI: Enabled 3 GPEs in block 00 to 1F
[    1.897806] ACPI: PCI Root Bridge [PCI0] (domain 0000 [bus 00-1f])
[    1.897810] acpi PNP0A08:00: _OSC: OS supports [ExtendedConfig ASPM ClockPM Segments MSI HPX-Type3]
[    1.898473] acpi PNP0A08:00: _OSC: OS now controls [PCIeHotplug SHPCHotplug PME AER PCIeCapability LTR]
[    1.898764] PCI host bridge to bus 0000:00
[    1.898766] pci_bus 0000:00: root bus resource [io  0x0000-0x03af window]
[    1.898766] pci_bus 0000:00: root bus resource [io  0x03e0-0x0cf7 window]
[    1.898767] pci_bus 0000:00: root bus resource [io  0x0d00-0x3fff window]
[    1.898768] pci_bus 0000:00: root bus resource [mem 0x000c0000-0x000dffff window]
[    1.898769] pci_bus 0000:00: root bus resource [mem 0xfb000000-0xfd2ffffe window]
[    1.898770] pci_bus 0000:00: root bus resource [bus 00-1f]
[    1.898777] pci 0000:00:00.0: [1022:1480] type 00 class 0x060000
[    1.898869] pci 0000:00:00.2: [1022:1481] type 00 class 0x080600
[    1.898979] pci 0000:00:01.0: [1022:1482] type 00 class 0x060000
[    1.899056] pci 0000:00:01.1: [1022:1483] type 01 class 0x060400
[    1.899095] pci 0000:00:01.1: enabling Extended Tags
[    1.899153] pci 0000:00:01.1: PME# supported from D0 D3hot D3cold
[    1.899276] pci 0000:00:02.0: [1022:1482] type 00 class 0x060000
[    1.899357] pci 0000:00:03.0: [1022:1482] type 00 class 0x060000
[    1.899437] pci 0000:00:04.0: [1022:1482] type 00 class 0x060000
[    1.899518] pci 0000:00:05.0: [1022:1482] type 00 class 0x060000
[    1.899599] pci 0000:00:07.0: [1022:1482] type 00 class 0x060000
[    1.899672] pci 0000:00:07.1: [1022:1484] type 01 class 0x060400
[    1.899703] pci 0000:00:07.1: enabling Extended Tags
[    1.899743] pci 0000:00:07.1: PME# supported from D0 D3hot D3cold
[    1.899845] pci 0000:00:08.0: [1022:1482] type 00 class 0x060000
[    1.899920] pci 0000:00:08.1: [1022:1484] type 01 class 0x060400
[    1.899951] pci 0000:00:08.1: enabling Extended Tags
[    1.899992] pci 0000:00:08.1: PME# supported from D0 D3hot D3cold
[    1.900113] pci 0000:00:14.0: [1022:790b] type 00 class 0x0c0500
[    1.900239] pci 0000:00:14.3: [1022:790e] type 00 class 0x060100
[    1.900371] pci 0000:00:18.0: [1022:1490] type 00 class 0x060000
[    1.900426] pci 0000:00:18.1: [1022:1491] type 00 class 0x060000
[    1.900480] pci 0000:00:18.2: [1022:1492] type 00 class 0x060000
[    1.900532] pci 0000:00:18.3: [1022:1493] type 00 class 0x060000
[    1.900586] pci 0000:00:18.4: [1022:1494] type 00 class 0x060000
[    1.900639] pci 0000:00:18.5: [1022:1495] type 00 class 0x060000
[    1.900692] pci 0000:00:18.6: [1022:1496] type 00 class 0x060000
[    1.900745] pci 0000:00:18.7: [1022:1497] type 00 class 0x060000
[    1.900850] pci 0000:01:00.0: [144d:a808] type 00 class 0x010802
[    1.900881] pci 0000:01:00.0: reg 0x10: [mem 0xfd100000-0xfd103fff 64bit]
[    1.901122] pci 0000:00:01.1: PCI bridge to [bus 01]
[    1.901127] pci 0000:00:01.1:   bridge window [mem 0xfd100000-0xfd1fffff]
[    1.901175] pci 0000:02:00.0: [1022:148a] type 00 class 0x130000
[    1.901211] pci 0000:02:00.0: enabling Extended Tags
[    1.901332] pci 0000:00:07.1: PCI bridge to [bus 02]
[    1.901390] pci 0000:03:00.0: [1022:1485] type 00 class 0x130000
[    1.901430] pci 0000:03:00.0: enabling Extended Tags
[    1.901544] pci 0000:03:00.3: [1022:148c] type 00 class 0x0c0330
[    1.901563] pci 0000:03:00.3: reg 0x10: [mem 0xfd000000-0xfd0fffff 64bit]
[    1.901592] pci 0000:03:00.3: enabling Extended Tags
[    1.901636] pci 0000:03:00.3: PME# supported from D0 D3hot D3cold
[    1.901726] pci 0000:00:08.1: PCI bridge to [bus 03]
[    1.901730] pci 0000:00:08.1:   bridge window [mem 0xfd000000-0xfd0fffff]
[    1.901747] pci_bus 0000:00: on NUMA node 0
[    1.902298] ACPI: PCI Root Bridge [S0D1] (domain 0000 [bus 20-3f])
[    1.902301] acpi PNP0A08:01: _OSC: OS supports [ExtendedConfig ASPM ClockPM Segments MSI HPX-Type3]
[    1.902944] acpi PNP0A08:01: _OSC: OS now controls [PCIeHotplug SHPCHotplug PME AER PCIeCapability LTR]
[    1.903201] PCI host bridge to bus 0000:20
[    1.903202] pci_bus 0000:20: root bus resource [io  0x03b0-0x03df window]
[    1.903203] pci_bus 0000:20: root bus resource [io  0x4000-0x6fff window]
[    1.903203] pci_bus 0000:20: root bus resource [mem 0x000a0000-0x000bffff window]
[    1.903204] pci_bus 0000:20: root bus resource [mem 0xc0000000-0xe1fffffe window]
[    1.903205] pci_bus 0000:20: root bus resource [bus 20-3f]
[    1.903210] pci 0000:20:00.0: [1022:1480] type 00 class 0x060000
[    1.903288] pci 0000:20:00.2: [1022:1481] type 00 class 0x080600
[    1.903384] pci 0000:20:01.0: [1022:1482] type 00 class 0x060000
[    1.903455] pci 0000:20:02.0: [1022:1482] type 00 class 0x060000
[    1.903522] pci 0000:20:03.0: [1022:1482] type 00 class 0x060000
[    1.903591] pci 0000:20:03.1: [1022:1483] type 01 class 0x060400
[    1.903682] pci 0000:20:03.1: PME# supported from D0 D3hot D3cold
[    1.903792] pci 0000:20:04.0: [1022:1482] type 00 class 0x060000
[    1.903859] pci 0000:20:05.0: [1022:1482] type 00 class 0x060000
[    1.903925] pci 0000:20:07.0: [1022:1482] type 00 class 0x060000
[    1.903992] pci 0000:20:07.1: [1022:1484] type 01 class 0x060400
[    1.904024] pci 0000:20:07.1: enabling Extended Tags
[    1.904062] pci 0000:20:07.1: PME# supported from D0 D3hot D3cold
[    1.904151] pci 0000:20:08.0: [1022:1482] type 00 class 0x060000
[    1.904219] pci 0000:20:08.1: [1022:1484] type 01 class 0x060400
[    1.904250] pci 0000:20:08.1: enabling Extended Tags
[    1.904289] pci 0000:20:08.1: PME# supported from D0 D3hot D3cold
[    1.904427] pci 0000:21:00.0: [10de:1d01] type 00 class 0x030000
[    1.904454] pci 0000:21:00.0: reg 0x10: [mem 0xe0000000-0xe0ffffff]
[    1.904467] pci 0000:21:00.0: reg 0x14: [mem 0xc0000000-0xcfffffff 64bit pref]
[    1.904480] pci 0000:21:00.0: reg 0x1c: [mem 0xd0000000-0xd1ffffff 64bit pref]
[    1.904489] pci 0000:21:00.0: reg 0x24: [io  0x6000-0x607f]
[    1.904497] pci 0000:21:00.0: reg 0x30: [mem 0xe1000000-0xe107ffff pref]
[    1.904514] pci 0000:21:00.0: BAR 3: assigned to efifb
[    1.904640] pci 0000:21:00.0: 8.000 Gb/s available PCIe bandwidth, limited by 2.5 GT/s PCIe x4 link at 0000:20:03.1 (capable of 31.504 Gb/s with 8.0 GT/s PCIe x4 link)
[    1.904676] pci 0000:21:00.1: [10de:0fb8] type 00 class 0x040300
[    1.904696] pci 0000:21:00.1: reg 0x10: [mem 0xe1080000-0xe1083fff]
[    1.904888] pci 0000:20:03.1: PCI bridge to [bus 21]
[    1.904891] pci 0000:20:03.1:   bridge window [io  0x6000-0x6fff]
[    1.904893] pci 0000:20:03.1:   bridge window [mem 0xe0000000-0xe10fffff]
[    1.904896] pci 0000:20:03.1:   bridge window [mem 0xc0000000-0xd1ffffff 64bit pref]
[    1.904940] pci 0000:22:00.0: [1022:148a] type 00 class 0x130000
[    1.904974] pci 0000:22:00.0: enabling Extended Tags
[    1.905091] pci 0000:20:07.1: PCI bridge to [bus 22]
[    1.905149] pci 0000:23:00.0: [1022:1485] type 00 class 0x130000
[    1.905188] pci 0000:23:00.0: enabling Extended Tags
[    1.905298] pci 0000:23:00.1: [1022:1486] type 00 class 0x108000
[    1.905320] pci 0000:23:00.1: reg 0x18: [mem 0xe1300000-0xe13fffff]
[    1.905331] pci 0000:23:00.1: reg 0x24: [mem 0xe1408000-0xe1409fff]
[    1.905339] pci 0000:23:00.1: enabling Extended Tags
[    1.905438] pci 0000:23:00.3: [1022:148c] type 00 class 0x0c0330
[    1.905456] pci 0000:23:00.3: reg 0x10: [mem 0xe1200000-0xe12fffff 64bit]
[    1.905484] pci 0000:23:00.3: enabling Extended Tags
[    1.905528] pci 0000:23:00.3: PME# supported from D0 D3hot D3cold
[    1.905592] pci 0000:23:00.4: [1022:1487] type 00 class 0x040300
[    1.905605] pci 0000:23:00.4: reg 0x10: [mem 0xe1400000-0xe1407fff]
[    1.905630] pci 0000:23:00.4: enabling Extended Tags
[    1.905670] pci 0000:23:00.4: PME# supported from D0 D3hot D3cold
[    1.905761] pci 0000:20:08.1: PCI bridge to [bus 23]
[    1.905765] pci 0000:20:08.1:   bridge window [mem 0xe1200000-0xe14fffff]
[    1.905782] pci_bus 0000:20: on NUMA node 1
[    1.906220] ACPI: PCI Root Bridge [S0D2] (domain 0000 [bus 40-5f])
[    1.906223] acpi PNP0A08:02: _OSC: OS supports [ExtendedConfig ASPM ClockPM Segments MSI HPX-Type3]
[    1.906857] acpi PNP0A08:02: _OSC: OS now controls [PCIeHotplug SHPCHotplug PME AER PCIeCapability LTR]
[    1.907076] PCI host bridge to bus 0000:40
[    1.907078] pci_bus 0000:40: root bus resource [io  0x7000-0xcfff window]
[    1.907078] pci_bus 0000:40: root bus resource [mem 0xe4000000-0xe68ffffe window]
[    1.907079] pci_bus 0000:40: root bus resource [bus 40-5f]
[    1.907084] pci 0000:40:00.0: [1022:1480] type 00 class 0x060000
[    1.907161] pci 0000:40:00.2: [1022:1481] type 00 class 0x080600
[    1.907259] pci 0000:40:01.0: [1022:1482] type 00 class 0x060000
[    1.907330] pci 0000:40:01.1: [1022:1483] type 01 class 0x060400
[    1.907364] pci 0000:40:01.1: enabling Extended Tags
[    1.907413] pci 0000:40:01.1: PME# supported from D0 D3hot D3cold
[    1.907515] pci 0000:40:01.3: [1022:1483] type 01 class 0x060400
[    1.907549] pci 0000:40:01.3: enabling Extended Tags
[    1.907597] pci 0000:40:01.3: PME# supported from D0 D3hot D3cold
[    1.907698] pci 0000:40:02.0: [1022:1482] type 00 class 0x060000
[    1.907766] pci 0000:40:03.0: [1022:1482] type 00 class 0x060000
[    1.907834] pci 0000:40:03.1: [1022:1483] type 01 class 0x060400
[    1.907868] pci 0000:40:03.1: enabling Extended Tags
[    1.907916] pci 0000:40:03.1: PME# supported from D0 D3hot D3cold
[    1.908018] pci 0000:40:04.0: [1022:1482] type 00 class 0x060000
[    1.908086] pci 0000:40:05.0: [1022:1482] type 00 class 0x060000
[    1.908158] pci 0000:40:07.0: [1022:1482] type 00 class 0x060000
[    1.908226] pci 0000:40:07.1: [1022:1484] type 01 class 0x060400
[    1.908257] pci 0000:40:07.1: enabling Extended Tags
[    1.908296] pci 0000:40:07.1: PME# supported from D0 D3hot D3cold
[    1.908386] pci 0000:40:08.0: [1022:1482] type 00 class 0x060000
[    1.908455] pci 0000:40:08.1: [1022:1484] type 01 class 0x060400
[    1.908486] pci 0000:40:08.1: enabling Extended Tags
[    1.908526] pci 0000:40:08.1: PME# supported from D0 D3hot D3cold
[    1.908661] pci 0000:41:00.0: [1022:57ad] type 01 class 0x060400
[    1.908731] pci 0000:41:00.0: enabling Extended Tags
[    1.908815] pci 0000:41:00.0: PME# supported from D0 D3hot D3cold
[    1.908993] pci 0000:40:01.1: PCI bridge to [bus 41-47]
[    1.908996] pci 0000:40:01.1:   bridge window [io  0xc000-0xcfff]
[    1.908997] pci 0000:40:01.1:   bridge window [mem 0xe6000000-0xe65fffff]
[    1.909229] pci 0000:42:02.0: [1022:57a3] type 01 class 0x060400
[    1.909337] pci 0000:42:02.0: enabling Extended Tags
[    1.909574] pci 0000:42:02.0: PME# supported from D0 D3hot D3cold
[    1.909926] pci 0000:42:06.0: [1022:57a3] type 01 class 0x060400
[    1.910034] pci 0000:42:06.0: enabling Extended Tags
[    1.910259] pci 0000:42:06.0: PME# supported from D0 D3hot D3cold
[    1.910590] pci 0000:42:08.0: [1022:57a4] type 01 class 0x060400
[    1.910684] pci 0000:42:08.0: enabling Extended Tags
[    1.910840] pci 0000:42:08.0: PME# supported from D0 D3hot D3cold
[    1.911030] pci 0000:42:09.0: [1022:57a4] type 01 class 0x060400
[    1.911124] pci 0000:42:09.0: enabling Extended Tags
[    1.911281] pci 0000:42:09.0: PME# supported from D0 D3hot D3cold
[    1.911453] pci 0000:42:0a.0: [1022:57a4] type 01 class 0x060400
[    1.911546] pci 0000:42:0a.0: enabling Extended Tags
[    1.911703] pci 0000:42:0a.0: PME# supported from D0 D3hot D3cold
[    1.911901] pci 0000:41:00.0: PCI bridge to [bus 42-47]
[    1.911907] pci 0000:41:00.0:   bridge window [io  0xc000-0xcfff]
[    1.911910] pci 0000:41:00.0:   bridge window [mem 0xe6000000-0xe65fffff]
[    1.912046] pci 0000:43:00.0: [8086:1539] type 00 class 0x020000
[    1.912091] pci 0000:43:00.0: reg 0x10: [mem 0xe6500000-0xe651ffff]
[    1.912124] pci 0000:43:00.0: reg 0x18: [io  0xc000-0xc01f]
[    1.912142] pci 0000:43:00.0: reg 0x1c: [mem 0xe6520000-0xe6523fff]
[    1.912319] pci 0000:43:00.0: PME# supported from D0 D3hot D3cold
[    1.912548] pci 0000:42:02.0: PCI bridge to [bus 43]
[    1.912554] pci 0000:42:02.0:   bridge window [io  0xc000-0xcfff]
[    1.912557] pci 0000:42:02.0:   bridge window [mem 0xe6500000-0xe65fffff]
[    1.912666] pci 0000:44:00.0: [8086:2723] type 00 class 0x028000
[    1.912711] pci 0000:44:00.0: reg 0x10: [mem 0xe6400000-0xe6403fff 64bit]
[    1.912881] pci 0000:44:00.0: PME# supported from D0 D3hot D3cold
[    1.913107] pci 0000:42:06.0: PCI bridge to [bus 44]
[    1.913115] pci 0000:42:06.0:   bridge window [mem 0xe6400000-0xe64fffff]
[    1.913233] pci 0000:45:00.0: [1022:1485] type 00 class 0x130000
[    1.913315] pci 0000:45:00.0: enabling Extended Tags
[    1.913474] pci 0000:45:00.0: 126.024 Gb/s available PCIe bandwidth, limited by 16.0 GT/s PCIe x8 link at 0000:40:01.1 (capable of 252.048 Gb/s with 16.0 GT/s PCIe x16 link)
[    1.913607] pci 0000:45:00.1: [1022:149c] type 00 class 0x0c0330
[    1.913972] pci 0000:45:00.1: reg 0x10: [mem 0xe6100000-0xe61fffff 64bit]
[    1.914723] pci 0000:45:00.1: enabling Extended Tags
[    1.915263] pci 0000:45:00.1: PME# supported from D0 D3hot D3cold
[    1.915565] pci 0000:45:00.3: [1022:149c] type 00 class 0x0c0330
[    1.915599] pci 0000:45:00.3: reg 0x10: [mem 0xe6000000-0xe60fffff 64bit]
[    1.915660] pci 0000:45:00.3: enabling Extended Tags
[    1.915737] pci 0000:45:00.3: PME# supported from D0 D3hot D3cold
[    1.915887] pci 0000:42:08.0: PCI bridge to [bus 45]
[    1.915896] pci 0000:42:08.0:   bridge window [mem 0xe6000000-0xe61fffff]
[    1.915989] pci 0000:46:00.0: [1022:7901] type 00 class 0x010601
[    1.916076] pci 0000:46:00.0: reg 0x24: [mem 0xe6300000-0xe63007ff]
[    1.916096] pci 0000:46:00.0: enabling Extended Tags
[    1.916192] pci 0000:46:00.0: PME# supported from D3hot D3cold
[    1.916275] pci 0000:46:00.0: 126.024 Gb/s available PCIe bandwidth, limited by 16.0 GT/s PCIe x8 link at 0000:40:01.1 (capable of 252.048 Gb/s with 16.0 GT/s PCIe x16 link)
[    1.916351] pci 0000:42:09.0: PCI bridge to [bus 46]
[    1.916360] pci 0000:42:09.0:   bridge window [mem 0xe6300000-0xe63fffff]
[    1.916456] pci 0000:47:00.0: [1022:7901] type 00 class 0x010601
[    1.916541] pci 0000:47:00.0: reg 0x24: [mem 0xe6200000-0xe62007ff]
[    1.916561] pci 0000:47:00.0: enabling Extended Tags
[    1.916656] pci 0000:47:00.0: PME# supported from D3hot D3cold
[    1.916738] pci 0000:47:00.0: 126.024 Gb/s available PCIe bandwidth, limited by 16.0 GT/s PCIe x8 link at 0000:40:01.1 (capable of 252.048 Gb/s with 16.0 GT/s PCIe x16 link)
[    1.916811] pci 0000:42:0a.0: PCI bridge to [bus 47]
[    1.916819] pci 0000:42:0a.0:   bridge window [mem 0xe6200000-0xe62fffff]
[    1.916906] pci 0000:48:00.0: [1912:0014] type 00 class 0x0c0330
[    1.916933] pci 0000:48:00.0: reg 0x10: [mem 0xe6700000-0xe6701fff 64bit]
[    1.917039] pci 0000:48:00.0: PME# supported from D0 D3hot
[    1.917131] pci 0000:40:01.3: PCI bridge to [bus 48]
[    1.917135] pci 0000:40:01.3:   bridge window [mem 0xe6700000-0xe67fffff]
[    1.917181] pci 0000:49:00.0: [1912:0014] type 00 class 0x0c0330
[    1.917208] pci 0000:49:00.0: reg 0x10: [mem 0xe6600000-0xe6601fff 64bit]
[    1.917314] pci 0000:49:00.0: PME# supported from D0 D3hot
[    1.917407] pci 0000:40:03.1: PCI bridge to [bus 49]
[    1.917411] pci 0000:40:03.1:   bridge window [mem 0xe6600000-0xe66fffff]
[    1.917456] pci 0000:4a:00.0: [1022:148a] type 00 class 0x130000
[    1.917492] pci 0000:4a:00.0: enabling Extended Tags
[    1.917610] pci 0000:40:07.1: PCI bridge to [bus 4a]
[    1.917667] pci 0000:4b:00.0: [1022:1485] type 00 class 0x130000
[    1.917707] pci 0000:4b:00.0: enabling Extended Tags
[    1.917836] pci 0000:40:08.1: PCI bridge to [bus 4b]
[    1.917864] pci_bus 0000:40: on NUMA node 2
[    1.918328] ACPI: PCI Root Bridge [S0D3] (domain 0000 [bus 60-ff])
[    1.918331] acpi PNP0A08:03: _OSC: OS supports [ExtendedConfig ASPM ClockPM Segments MSI HPX-Type3]
[    1.918983] acpi PNP0A08:03: _OSC: OS now controls [PCIeHotplug SHPCHotplug PME AER PCIeCapability LTR]
[    1.918993] acpi PNP0A08:03: [Firmware Info]: MMCONFIG for domain 0000 [bus 00-7f] only partially covers this bridge
[    1.919204] PCI host bridge to bus 0000:60
[    1.919205] pci_bus 0000:60: root bus resource [io  0xd000-0xffff window]
[    1.919206] pci_bus 0000:60: root bus resource [mem 0xf8000000-0xf9ffffff window]
[    1.919206] pci_bus 0000:60: root bus resource [bus 60-ff]
[    1.919211] pci 0000:60:00.0: [1022:1480] type 00 class 0x060000
[    1.919288] pci 0000:60:00.2: [1022:1481] type 00 class 0x080600
[    1.919381] pci 0000:60:01.0: [1022:1482] type 00 class 0x060000
[    1.919450] pci 0000:60:02.0: [1022:1482] type 00 class 0x060000
[    1.919516] pci 0000:60:03.0: [1022:1482] type 00 class 0x060000
[    1.919583] pci 0000:60:04.0: [1022:1482] type 00 class 0x060000
[    1.919648] pci 0000:60:05.0: [1022:1482] type 00 class 0x060000
[    1.919713] pci 0000:60:07.0: [1022:1482] type 00 class 0x060000
[    1.919786] pci 0000:60:07.1: [1022:1484] type 01 class 0x060400
[    1.919816] pci 0000:60:07.1: enabling Extended Tags
[    1.919854] pci 0000:60:07.1: PME# supported from D0 D3hot D3cold
[    1.919942] pci 0000:60:08.0: [1022:1482] type 00 class 0x060000
[    1.920012] pci 0000:60:08.1: [1022:1484] type 01 class 0x060400
[    1.920042] pci 0000:60:08.1: enabling Extended Tags
[    1.920082] pci 0000:60:08.1: PME# supported from D0 D3hot D3cold
[    1.920219] pci 0000:61:00.0: [1022:148a] type 00 class 0x130000
[    1.920253] pci 0000:61:00.0: enabling Extended Tags
[    1.920372] pci 0000:60:07.1: PCI bridge to [bus 61]
[    1.920430] pci 0000:62:00.0: [1022:1485] type 00 class 0x130000
[    1.920469] pci 0000:62:00.0: enabling Extended Tags
[    1.920596] pci 0000:60:08.1: PCI bridge to [bus 62]
[    1.920611] pci_bus 0000:60: on NUMA node 3
[    1.920961] ACPI: PCI Interrupt Link [LNKA] (IRQs 4 5 7 10 11 14 15) *0
[    1.921011] ACPI: PCI Interrupt Link [LNKB] (IRQs 4 5 7 10 11 14 15) *0
[    1.921055] ACPI: PCI Interrupt Link [LNKC] (IRQs 4 5 7 10 11 14 15) *0
[    1.921108] ACPI: PCI Interrupt Link [LNKD] (IRQs 4 5 7 10 11 14 15) *0
[    1.921157] ACPI: PCI Interrupt Link [LNKE] (IRQs 4 5 7 10 11 14 15) *0
[    1.921196] ACPI: PCI Interrupt Link [LNKF] (IRQs 4 5 7 10 11 14 15) *0
[    1.921236] ACPI: PCI Interrupt Link [LNKG] (IRQs 4 5 7 10 11 14 15) *0
[    1.921276] ACPI: PCI Interrupt Link [LNKH] (IRQs 4 5 7 10 11 14 15) *0
[    1.921891] iommu: Default domain type: Translated 
[    1.921891] SCSI subsystem initialized
[    1.921891] libata version 3.00 loaded.
[    1.921891] pci 0000:21:00.0: vgaarb: setting as boot VGA device
[    1.921891] pci 0000:21:00.0: vgaarb: VGA device added: decodes=io+mem,owns=io+mem,locks=none
[    1.921891] pci 0000:21:00.0: vgaarb: bridge control possible
[    1.921891] vgaarb: loaded
[    1.921891] ACPI: bus type USB registered
[    1.921891] usbcore: registered new interface driver usbfs
[    1.921891] usbcore: registered new interface driver hub
[    1.921891] usbcore: registered new device driver usb
[    1.921891] pps_core: LinuxPPS API ver. 1 registered
[    1.921891] pps_core: Software ver. 5.3.6 - Copyright 2005-2007 Rodolfo Giometti <giometti@linux.it>
[    1.921891] PTP clock support registered
[    1.921891] EDAC MC: Ver: 3.0.0
[    1.921891] Registered efivars operations
[    1.921891] NetLabel: Initializing
[    1.921891] NetLabel:  domain hash size = 128
[    1.921891] NetLabel:  protocols = UNLABELED CIPSOv4 CALIPSO
[    1.921891] NetLabel:  unlabeled traffic allowed by default
[    1.921891] PCI: Using ACPI for IRQ routing
[    1.924588] PCI: pci_cache_line_size set to 64 bytes
[    1.924751] e820: reserve RAM buffer [mem 0x09df2000-0x0bffffff]
[    1.924752] e820: reserve RAM buffer [mem 0xb4b49018-0xb7ffffff]
[    1.924753] e820: reserve RAM buffer [mem 0xb4b5b018-0xb7ffffff]
[    1.924753] e820: reserve RAM buffer [mem 0xb5957000-0xb7ffffff]
[    1.924754] e820: reserve RAM buffer [mem 0xb74de000-0xb7ffffff]
[    1.924754] e820: reserve RAM buffer [mem 0xb9536000-0xbbffffff]
[    1.924755] e820: reserve RAM buffer [mem 0x203f200000-0x203fffffff]
[    1.924757] hpet0: at MMIO 0xfed00000, IRQs 2, 8, 0
[    1.924757] hpet0: 3 comparators, 32-bit 14.318180 MHz counter
[    1.926328] clocksource: Switched to clocksource tsc-early
[    1.933665] VFS: Disk quotas dquot_6.6.0
[    1.933712] VFS: Dquot-cache hash table entries: 512 (order 0, 4096 bytes)
[    1.933854] AppArmor: AppArmor Filesystem Enabled
[    1.933873] pnp: PnP ACPI init
[    1.933997] system 00:00: [mem 0xf0000000-0xf7ffffff] has been reserved
[    1.934001] system 00:00: Plug and Play ACPI device, IDs PNP0c01 (active)
[    1.934387] system 00:01: [mem 0xfa180000-0xfa1fffff] could not be reserved
[    1.934390] system 00:01: Plug and Play ACPI device, IDs PNP0c02 (active)
[    1.934471] system 00:02: [mem 0xef100000-0xef1fffff] has been reserved
[    1.934473] system 00:02: Plug and Play ACPI device, IDs PNP0c02 (active)
[    1.934743] pnp 00:03: Plug and Play ACPI device, IDs PNP0b00 (active)
[    1.934898] system 00:04: [io  0x0a00-0x0a2f] has been reserved
[    1.934899] system 00:04: [io  0x0a30-0x0a3f] has been reserved
[    1.934899] system 00:04: [io  0x0a40-0x0a4f] has been reserved
[    1.934901] system 00:04: Plug and Play ACPI device, IDs PNP0c02 (active)
[    1.935133] system 00:05: [io  0x04d0-0x04d1] has been reserved
[    1.935134] system 00:05: [io  0x040b] has been reserved
[    1.935135] system 00:05: [io  0x04d6] has been reserved
[    1.935135] system 00:05: [io  0x0c00-0x0c01] has been reserved
[    1.935136] system 00:05: [io  0x0c14] has been reserved
[    1.935137] system 00:05: [io  0x0c50-0x0c51] has been reserved
[    1.935138] system 00:05: [io  0x0c52] has been reserved
[    1.935138] system 00:05: [io  0x0c6c] has been reserved
[    1.935139] system 00:05: [io  0x0c6f] has been reserved
[    1.935140] system 00:05: [io  0x0cd0-0x0cd1] has been reserved
[    1.935140] system 00:05: [io  0x0cd2-0x0cd3] has been reserved
[    1.935141] system 00:05: [io  0x0cd4-0x0cd5] has been reserved
[    1.935142] system 00:05: [io  0x0cd6-0x0cd7] has been reserved
[    1.935143] system 00:05: [io  0x0cd8-0x0cdf] has been reserved
[    1.935143] system 00:05: [io  0x0800-0x089f] has been reserved
[    1.935144] system 00:05: [io  0x0b00-0x0b0f] has been reserved
[    1.935145] system 00:05: [io  0x0b20-0x0b3f] has been reserved
[    1.935146] system 00:05: [io  0x0900-0x090f] has been reserved
[    1.935146] system 00:05: [io  0x0910-0x091f] has been reserved
[    1.935147] system 00:05: [mem 0xfec00000-0xfec00fff] could not be reserved
[    1.935148] system 00:05: [mem 0xfedc0000-0xfedc0fff] has been reserved
[    1.935149] system 00:05: [mem 0xfee00000-0xfee00fff] has been reserved
[    1.935150] system 00:05: [mem 0xfed80000-0xfed8ffff] could not be reserved
[    1.935151] system 00:05: [mem 0xfec10000-0xfec10fff] has been reserved
[    1.935152] system 00:05: [mem 0xff000000-0xffffffff] has been reserved
[    1.935153] system 00:05: Plug and Play ACPI device, IDs PNP0c02 (active)
[    1.935676] system 00:06: [mem 0xe3180000-0xe31fffff] could not be reserved
[    1.935678] system 00:06: Plug and Play ACPI device, IDs PNP0c02 (active)
[    1.936650] system 00:07: [mem 0xe2100000-0xe217ffff] could not be reserved
[    1.936652] system 00:07: Plug and Play ACPI device, IDs PNP0c02 (active)
[    1.937785] system 00:08: [mem 0xef200000-0xef27ffff] could not be reserved
[    1.937788] system 00:08: Plug and Play ACPI device, IDs PNP0c02 (active)
[    1.938421] pnp: PnP ACPI: found 9 devices
[    1.943824] clocksource: acpi_pm: mask: 0xffffff max_cycles: 0xffffff, max_idle_ns: 2085701024 ns
[    1.943903] NET: Registered protocol family 2
[    1.944377] tcp_listen_portaddr_hash hash table entries: 65536 (order: 8, 1048576 bytes, linear)
[    1.944713] TCP established hash table entries: 524288 (order: 10, 4194304 bytes, linear)
[    1.945208] TCP bind hash table entries: 65536 (order: 8, 1048576 bytes, linear)
[    1.945280] TCP: Hash tables configured (established 524288 bind 65536)
[    1.945586] UDP hash table entries: 65536 (order: 9, 2097152 bytes, linear)
[    1.945864] UDP-Lite hash table entries: 65536 (order: 9, 2097152 bytes, linear)
[    1.946183] NET: Registered protocol family 1
[    1.946186] NET: Registered protocol family 44
[    1.946203] pci 0000:00:01.1: PCI bridge to [bus 01]
[    1.946207] pci 0000:00:01.1:   bridge window [mem 0xfd100000-0xfd1fffff]
[    1.946212] pci 0000:00:07.1: PCI bridge to [bus 02]
[    1.946218] pci 0000:00:08.1: PCI bridge to [bus 03]
[    1.946221] pci 0000:00:08.1:   bridge window [mem 0xfd000000-0xfd0fffff]
[    1.946227] pci_bus 0000:00: resource 4 [io  0x0000-0x03af window]
[    1.946228] pci_bus 0000:00: resource 5 [io  0x03e0-0x0cf7 window]
[    1.946228] pci_bus 0000:00: resource 6 [io  0x0d00-0x3fff window]
[    1.946229] pci_bus 0000:00: resource 7 [mem 0x000c0000-0x000dffff window]
[    1.946230] pci_bus 0000:00: resource 8 [mem 0xfb000000-0xfd2ffffe window]
[    1.946230] pci_bus 0000:01: resource 1 [mem 0xfd100000-0xfd1fffff]
[    1.946231] pci_bus 0000:03: resource 1 [mem 0xfd000000-0xfd0fffff]
[    1.946272] pci 0000:20:03.1: PCI bridge to [bus 21]
[    1.946274] pci 0000:20:03.1:   bridge window [io  0x6000-0x6fff]
[    1.946276] pci 0000:20:03.1:   bridge window [mem 0xe0000000-0xe10fffff]
[    1.946278] pci 0000:20:03.1:   bridge window [mem 0xc0000000-0xd1ffffff 64bit pref]
[    1.946282] pci 0000:20:07.1: PCI bridge to [bus 22]
[    1.946288] pci 0000:20:08.1: PCI bridge to [bus 23]
[    1.946291] pci 0000:20:08.1:   bridge window [mem 0xe1200000-0xe14fffff]
[    1.946295] pci_bus 0000:20: resource 4 [io  0x03b0-0x03df window]
[    1.946296] pci_bus 0000:20: resource 5 [io  0x4000-0x6fff window]
[    1.946296] pci_bus 0000:20: resource 6 [mem 0x000a0000-0x000bffff window]
[    1.946297] pci_bus 0000:20: resource 7 [mem 0xc0000000-0xe1fffffe window]
[    1.946298] pci_bus 0000:21: resource 0 [io  0x6000-0x6fff]
[    1.946298] pci_bus 0000:21: resource 1 [mem 0xe0000000-0xe10fffff]
[    1.946299] pci_bus 0000:21: resource 2 [mem 0xc0000000-0xd1ffffff 64bit pref]
[    1.946300] pci_bus 0000:23: resource 1 [mem 0xe1200000-0xe14fffff]
[    1.946329] pci 0000:42:02.0: PCI bridge to [bus 43]
[    1.946331] pci 0000:42:02.0:   bridge window [io  0xc000-0xcfff]
[    1.946336] pci 0000:42:02.0:   bridge window [mem 0xe6500000-0xe65fffff]
[    1.946345] pci 0000:42:06.0: PCI bridge to [bus 44]
[    1.946350] pci 0000:42:06.0:   bridge window [mem 0xe6400000-0xe64fffff]
[    1.946359] pci 0000:42:08.0: PCI bridge to [bus 45]
[    1.946364] pci 0000:42:08.0:   bridge window [mem 0xe6000000-0xe61fffff]
[    1.946373] pci 0000:42:09.0: PCI bridge to [bus 46]
[    1.946378] pci 0000:42:09.0:   bridge window [mem 0xe6300000-0xe63fffff]
[    1.946387] pci 0000:42:0a.0: PCI bridge to [bus 47]
[    1.946391] pci 0000:42:0a.0:   bridge window [mem 0xe6200000-0xe62fffff]
[    1.946400] pci 0000:41:00.0: PCI bridge to [bus 42-47]
[    1.946402] pci 0000:41:00.0:   bridge window [io  0xc000-0xcfff]
[    1.946407] pci 0000:41:00.0:   bridge window [mem 0xe6000000-0xe65fffff]
[    1.946416] pci 0000:40:01.1: PCI bridge to [bus 41-47]
[    1.946417] pci 0000:40:01.1:   bridge window [io  0xc000-0xcfff]
[    1.946420] pci 0000:40:01.1:   bridge window [mem 0xe6000000-0xe65fffff]
[    1.946424] pci 0000:40:01.3: PCI bridge to [bus 48]
[    1.946426] pci 0000:40:01.3:   bridge window [mem 0xe6700000-0xe67fffff]
[    1.946431] pci 0000:40:03.1: PCI bridge to [bus 49]
[    1.946433] pci 0000:40:03.1:   bridge window [mem 0xe6600000-0xe66fffff]
[    1.946438] pci 0000:40:07.1: PCI bridge to [bus 4a]
[    1.946444] pci 0000:40:08.1: PCI bridge to [bus 4b]
[    1.946450] pci_bus 0000:40: resource 4 [io  0x7000-0xcfff window]
[    1.946451] pci_bus 0000:40: resource 5 [mem 0xe4000000-0xe68ffffe window]
[    1.946451] pci_bus 0000:41: resource 0 [io  0xc000-0xcfff]
[    1.946452] pci_bus 0000:41: resource 1 [mem 0xe6000000-0xe65fffff]
[    1.946453] pci_bus 0000:42: resource 0 [io  0xc000-0xcfff]
[    1.946453] pci_bus 0000:42: resource 1 [mem 0xe6000000-0xe65fffff]
[    1.946454] pci_bus 0000:43: resource 0 [io  0xc000-0xcfff]
[    1.946455] pci_bus 0000:43: resource 1 [mem 0xe6500000-0xe65fffff]
[    1.946456] pci_bus 0000:44: resource 1 [mem 0xe6400000-0xe64fffff]
[    1.946457] pci_bus 0000:45: resource 1 [mem 0xe6000000-0xe61fffff]
[    1.946457] pci_bus 0000:46: resource 1 [mem 0xe6300000-0xe63fffff]
[    1.946458] pci_bus 0000:47: resource 1 [mem 0xe6200000-0xe62fffff]
[    1.946459] pci_bus 0000:48: resource 1 [mem 0xe6700000-0xe67fffff]
[    1.946459] pci_bus 0000:49: resource 1 [mem 0xe6600000-0xe66fffff]
[    1.946500] pci 0000:60:07.1: PCI bridge to [bus 61]
[    1.946506] pci 0000:60:08.1: PCI bridge to [bus 62]
[    1.946512] pci_bus 0000:60: resource 4 [io  0xd000-0xffff window]
[    1.946513] pci_bus 0000:60: resource 5 [mem 0xf8000000-0xf9ffffff window]
[    1.946736] pci 0000:21:00.0: Video device with shadowed ROM at [mem 0x000c0000-0x000dffff]
[    1.946749] pci 0000:21:00.1: D0 power state depends on 0000:21:00.0
[    1.947408] PCI: CLS 64 bytes, default 64
[    1.947439] Trying to unpack rootfs image as initramfs...
[    2.033149] Freeing initrd memory: 51660K
[    2.033250] pci 0000:60:00.2: AMD-Vi: IOMMU performance counters supported
[    2.033291] pci 0000:40:00.2: AMD-Vi: IOMMU performance counters supported
[    2.033311] pci 0000:20:00.2: AMD-Vi: IOMMU performance counters supported
[    2.033328] pci 0000:00:00.2: AMD-Vi: IOMMU performance counters supported
[    2.033366] pci 0000:00:01.0: Adding to iommu group 0
[    2.033382] pci 0000:00:01.1: Adding to iommu group 1
[    2.033398] pci 0000:00:02.0: Adding to iommu group 2
[    2.033414] pci 0000:00:03.0: Adding to iommu group 3
[    2.033429] pci 0000:00:04.0: Adding to iommu group 4
[    2.033445] pci 0000:00:05.0: Adding to iommu group 5
[    2.033465] pci 0000:00:07.0: Adding to iommu group 6
[    2.033478] pci 0000:00:07.1: Adding to iommu group 7
[    2.033499] pci 0000:00:08.0: Adding to iommu group 8
[    2.033513] pci 0000:00:08.1: Adding to iommu group 9
[    2.033536] pci 0000:00:14.0: Adding to iommu group 10
[    2.033546] pci 0000:00:14.3: Adding to iommu group 10
[    2.033605] pci 0000:00:18.0: Adding to iommu group 11
[    2.033615] pci 0000:00:18.1: Adding to iommu group 11
[    2.033627] pci 0000:00:18.2: Adding to iommu group 11
[    2.033637] pci 0000:00:18.3: Adding to iommu group 11
[    2.033647] pci 0000:00:18.4: Adding to iommu group 11
[    2.033656] pci 0000:00:18.5: Adding to iommu group 11
[    2.033667] pci 0000:00:18.6: Adding to iommu group 11
[    2.033676] pci 0000:00:18.7: Adding to iommu group 11
[    2.033691] pci 0000:01:00.0: Adding to iommu group 12
[    2.033705] pci 0000:02:00.0: Adding to iommu group 13
[    2.033722] pci 0000:03:00.0: Adding to iommu group 14
[    2.033738] pci 0000:03:00.3: Adding to iommu group 15
[    2.033755] pci 0000:20:01.0: Adding to iommu group 16
[    2.033770] pci 0000:20:02.0: Adding to iommu group 17
[    2.033789] pci 0000:20:03.0: Adding to iommu group 18
[    2.033803] pci 0000:20:03.1: Adding to iommu group 19
[    2.033819] pci 0000:20:04.0: Adding to iommu group 20
[    2.033835] pci 0000:20:05.0: Adding to iommu group 21
[    2.033854] pci 0000:20:07.0: Adding to iommu group 22
[    2.033866] pci 0000:20:07.1: Adding to iommu group 23
[    2.033886] pci 0000:20:08.0: Adding to iommu group 24
[    2.033898] pci 0000:20:08.1: Adding to iommu group 25
[    2.033931] pci 0000:21:00.0: Adding to iommu group 26
[    2.033953] pci 0000:21:00.1: Adding to iommu group 26
[    2.033967] pci 0000:22:00.0: Adding to iommu group 27
[    2.033983] pci 0000:23:00.0: Adding to iommu group 28
[    2.034001] pci 0000:23:00.1: Adding to iommu group 29
[    2.034017] pci 0000:23:00.3: Adding to iommu group 30
[    2.034033] pci 0000:23:00.4: Adding to iommu group 31
[    2.034056] pci 0000:40:01.0: Adding to iommu group 32
[    2.034069] pci 0000:40:01.1: Adding to iommu group 33
[    2.034083] pci 0000:40:01.3: Adding to iommu group 34
[    2.034100] pci 0000:40:02.0: Adding to iommu group 35
[    2.034119] pci 0000:40:03.0: Adding to iommu group 36
[    2.034132] pci 0000:40:03.1: Adding to iommu group 37
[    2.034148] pci 0000:40:04.0: Adding to iommu group 38
[    2.034164] pci 0000:40:05.0: Adding to iommu group 39
[    2.034184] pci 0000:40:07.0: Adding to iommu group 40
[    2.034196] pci 0000:40:07.1: Adding to iommu group 41
[    2.034215] pci 0000:40:08.0: Adding to iommu group 42
[    2.034228] pci 0000:40:08.1: Adding to iommu group 43
[    2.034241] pci 0000:41:00.0: Adding to iommu group 44
[    2.034293] pci 0000:42:02.0: Adding to iommu group 45
[    2.034343] pci 0000:42:06.0: Adding to iommu group 46
[    2.034368] pci 0000:42:08.0: Adding to iommu group 47
[    2.034393] pci 0000:42:09.0: Adding to iommu group 48
[    2.034418] pci 0000:42:0a.0: Adding to iommu group 49
[    2.034468] pci 0000:43:00.0: Adding to iommu group 50
[    2.034519] pci 0000:44:00.0: Adding to iommu group 51
[    2.034529] pci 0000:45:00.0: Adding to iommu group 47
[    2.034539] pci 0000:45:00.1: Adding to iommu group 47
[    2.034549] pci 0000:45:00.3: Adding to iommu group 47
[    2.034558] pci 0000:46:00.0: Adding to iommu group 48
[    2.034568] pci 0000:47:00.0: Adding to iommu group 49
[    2.034581] pci 0000:48:00.0: Adding to iommu group 52
[    2.034595] pci 0000:49:00.0: Adding to iommu group 53
[    2.034608] pci 0000:4a:00.0: Adding to iommu group 54
[    2.034621] pci 0000:4b:00.0: Adding to iommu group 55
[    2.034637] pci 0000:60:01.0: Adding to iommu group 56
[    2.034654] pci 0000:60:02.0: Adding to iommu group 57
[    2.034671] pci 0000:60:03.0: Adding to iommu group 58
[    2.034688] pci 0000:60:04.0: Adding to iommu group 59
[    2.034704] pci 0000:60:05.0: Adding to iommu group 60
[    2.034722] pci 0000:60:07.0: Adding to iommu group 61
[    2.034735] pci 0000:60:07.1: Adding to iommu group 62
[    2.034757] pci 0000:60:08.0: Adding to iommu group 63
[    2.034770] pci 0000:60:08.1: Adding to iommu group 64
[    2.034784] pci 0000:61:00.0: Adding to iommu group 65
[    2.034798] pci 0000:62:00.0: Adding to iommu group 66
[    2.067502] pci 0000:60:00.2: AMD-Vi: Found IOMMU cap 0x40
[    2.067503] pci 0000:60:00.2: AMD-Vi: Extended features (0x58f77ef22294ade):
[    2.067504]  PPR X2APIC NX GT IA GA PC GA_vAPIC
[    2.067506] pci 0000:40:00.2: AMD-Vi: Found IOMMU cap 0x40
[    2.067507] pci 0000:40:00.2: AMD-Vi: Extended features (0x58f77ef22294ade):
[    2.067507]  PPR X2APIC NX GT IA GA PC GA_vAPIC
[    2.067508] pci 0000:20:00.2: AMD-Vi: Found IOMMU cap 0x40
[    2.067509] pci 0000:20:00.2: AMD-Vi: Extended features (0x58f77ef22294ade):
[    2.067509]  PPR X2APIC NX GT IA GA PC GA_vAPIC
[    2.067510] pci 0000:00:00.2: AMD-Vi: Found IOMMU cap 0x40
[    2.067511] pci 0000:00:00.2: AMD-Vi: Extended features (0x58f77ef22294ade):
[    2.067511]  PPR X2APIC NX GT IA GA PC GA_vAPIC
[    2.067512] AMD-Vi: Interrupt remapping enabled
[    2.067512] AMD-Vi: Virtual APIC enabled
[    2.067512] AMD-Vi: X2APIC enabled
[    2.067832] AMD-Vi: Lazy IO/TLB flushing enabled
[    2.068589] amd_uncore: AMD NB counters detected
[    2.068606] amd_uncore: AMD LLC counters detected
[    2.070861] LVT offset 0 assigned for vector 0x400
[    2.071917] perf: AMD IBS detected (0x000003ff)
[    2.071933] perf/amd_iommu: Detected AMD IOMMU #0 (2 banks, 4 counters/bank).
[    2.071948] perf/amd_iommu: Detected AMD IOMMU #1 (2 banks, 4 counters/bank).
[    2.071963] perf/amd_iommu: Detected AMD IOMMU #2 (2 banks, 4 counters/bank).
[    2.071977] perf/amd_iommu: Detected AMD IOMMU #3 (2 banks, 4 counters/bank).
[    2.072028] check: Scanning for low memory corruption every 60 seconds
[    2.072986] Initialise system trusted keyrings
[    2.072996] Key type blacklist registered
[    2.073035] workingset: timestamp_bits=36 max_order=25 bucket_order=0
[    2.073798] zbud: loaded
[    2.074098] squashfs: version 4.0 (2009/01/31) Phillip Lougher
[    2.074254] fuse: init (API version 7.31)
[    2.074720] integrity: Platform Keyring initialized
[    2.077478] Key type asymmetric registered
[    2.077479] Asymmetric key parser 'x509' registered
[    2.077484] Block layer SCSI generic (bsg) driver version 0.4 loaded (major 244)
[    2.077548] io scheduler mq-deadline registered
[    2.079254] pcieport 0000:00:01.1: PME: Signaling with IRQ 31
[    2.079313] pcieport 0000:00:01.1: AER: enabled with IRQ 31
[    2.079354] pcieport 0000:00:01.1: DPC: enabled with IRQ 31
[    2.079355] pcieport 0000:00:01.1: DPC: error containment capabilities: Int Msg #0, RPExt+ PoisonedTLP+ SwTrigger+ RP PIO Log 6, DL_ActiveErr+
[    2.079561] pcieport 0000:00:07.1: PME: Signaling with IRQ 33
[    2.079613] pcieport 0000:00:07.1: AER: enabled with IRQ 33
[    2.079714] pcieport 0000:00:08.1: PME: Signaling with IRQ 34
[    2.079765] pcieport 0000:00:08.1: AER: enabled with IRQ 34
[    2.079879] pcieport 0000:20:03.1: PME: Signaling with IRQ 35
[    2.079941] pcieport 0000:20:03.1: AER: enabled with IRQ 35
[    2.079968] pcieport 0000:20:03.1: DPC: enabled with IRQ 35
[    2.079969] pcieport 0000:20:03.1: DPC: error containment capabilities: Int Msg #0, RPExt+ PoisonedTLP+ SwTrigger+ RP PIO Log 6, DL_ActiveErr+
[    2.080138] pcieport 0000:20:07.1: PME: Signaling with IRQ 37
[    2.080193] pcieport 0000:20:07.1: AER: enabled with IRQ 37
[    2.080283] pcieport 0000:20:08.1: PME: Signaling with IRQ 38
[    2.080335] pcieport 0000:20:08.1: AER: enabled with IRQ 38
[    2.080438] pcieport 0000:40:01.1: PME: Signaling with IRQ 39
[    2.080497] pcieport 0000:40:01.1: AER: enabled with IRQ 39
[    2.080524] pcieport 0000:40:01.1: DPC: enabled with IRQ 39
[    2.080525] pcieport 0000:40:01.1: DPC: error containment capabilities: Int Msg #0, RPExt+ PoisonedTLP+ SwTrigger+ RP PIO Log 6, DL_ActiveErr+
[    2.080631] pcieport 0000:40:01.3: PME: Signaling with IRQ 40
[    2.080677] pcieport 0000:40:01.3: AER: enabled with IRQ 40
[    2.080703] pcieport 0000:40:01.3: DPC: enabled with IRQ 40
[    2.080704] pcieport 0000:40:01.3: DPC: error containment capabilities: Int Msg #0, RPExt+ PoisonedTLP+ SwTrigger+ RP PIO Log 6, DL_ActiveErr+
[    2.080817] pcieport 0000:40:03.1: PME: Signaling with IRQ 41
[    2.080862] pcieport 0000:40:03.1: AER: enabled with IRQ 41
[    2.080893] pcieport 0000:40:03.1: DPC: enabled with IRQ 41
[    2.080893] pcieport 0000:40:03.1: DPC: error containment capabilities: Int Msg #0, RPExt+ PoisonedTLP+ SwTrigger+ RP PIO Log 6, DL_ActiveErr+
[    2.081046] pcieport 0000:40:07.1: PME: Signaling with IRQ 43
[    2.081096] pcieport 0000:40:07.1: AER: enabled with IRQ 43
[    2.081224] pcieport 0000:40:08.1: PME: Signaling with IRQ 45
[    2.081274] pcieport 0000:40:08.1: AER: enabled with IRQ 45
[    2.082568] pcieport 0000:60:07.1: PME: Signaling with IRQ 54
[    2.082622] pcieport 0000:60:07.1: AER: enabled with IRQ 54
[    2.082749] pcieport 0000:60:08.1: PME: Signaling with IRQ 56
[    2.082799] pcieport 0000:60:08.1: AER: enabled with IRQ 56
[    2.082897] shpchp: Standard Hot Plug PCI Controller Driver version: 0.4
[    2.082957] efifb: probing for efifb
[    2.083191] efifb: showing boot graphics
[    2.087343] efifb: framebuffer at 0xd1000000, using 3072k, total 3072k
[    2.087343] efifb: mode is 1024x768x32, linelength=4096, pages=1
[    2.087344] efifb: scrolling: redraw
[    2.087344] efifb: Truecolor: size=8:8:8:8, shift=24:16:8:0
[    2.087371] fbcon: Deferring console take-over
[    2.087371] fb0: EFI VGA frame buffer device
[    2.087556] input: Power Button as /devices/LNXSYSTM:00/LNXSYBUS:00/PNP0C0C:00/input/input0
[    2.087573] ACPI: Power Button [PWRB]
[    2.087596] input: Power Button as /devices/LNXSYSTM:00/LNXPWRBN:00/input/input1
[    2.087645] ACPI: Power Button [PWRF]
[    2.087692] Monitor-Mwait will be used to enter C-1 state
[    2.087695] ACPI: \_PR_.C000: Found 2 idle states
[    2.087795] ACPI: \_PR_.C002: Found 2 idle states
[    2.087851] ACPI: \_PR_.C004: Found 2 idle states
[    2.087900] ACPI: \_PR_.C006: Found 2 idle states
[    2.087969] ACPI: \_PR_.C008: Found 2 idle states
[    2.088046] ACPI: \_PR_.C00A: Found 2 idle states
[    2.088101] ACPI: \_PR_.C00C: Found 2 idle states
[    2.088168] ACPI: \_PR_.C00E: Found 2 idle states
[    2.088236] ACPI: \_PR_.C010: Found 2 idle states
[    2.088306] ACPI: \_PR_.C012: Found 2 idle states
[    2.088377] ACPI: \_PR_.C014: Found 2 idle states
[    2.088446] ACPI: \_PR_.C016: Found 2 idle states
[    2.088516] ACPI: \_PR_.C018: Found 2 idle states
[    2.088583] ACPI: \_PR_.C01A: Found 2 idle states
[    2.088651] ACPI: \_PR_.C01C: Found 2 idle states
[    2.088718] ACPI: \_PR_.C01E: Found 2 idle states
[    2.088786] ACPI: \_PR_.C020: Found 2 idle states
[    2.088855] ACPI: \_PR_.C022: Found 2 idle states
[    2.088923] ACPI: \_PR_.C024: Found 2 idle states
[    2.088997] ACPI: \_PR_.C026: Found 2 idle states
[    2.089069] ACPI: \_PR_.C028: Found 2 idle states
[    2.089141] ACPI: \_PR_.C02A: Found 2 idle states
[    2.089210] ACPI: \_PR_.C02C: Found 2 idle states
[    2.089277] ACPI: \_PR_.C02E: Found 2 idle states
[    2.089344] ACPI: \_PR_.C030: Found 2 idle states
[    2.089416] ACPI: \_PR_.C032: Found 2 idle states
[    2.089483] ACPI: \_PR_.C034: Found 2 idle states
[    2.089550] ACPI: \_PR_.C036: Found 2 idle states
[    2.089621] ACPI: \_PR_.C038: Found 2 idle states
[    2.089689] ACPI: \_PR_.C03A: Found 2 idle states
[    2.089763] ACPI: \_PR_.C03C: Found 2 idle states
[    2.089832] ACPI: \_PR_.C03E: Found 2 idle states
[    2.089887] ACPI: \_PR_.C001: Found 2 idle states
[    2.089938] ACPI: \_PR_.C003: Found 2 idle states
[    2.089989] ACPI: \_PR_.C005: Found 2 idle states
[    2.090043] ACPI: \_PR_.C007: Found 2 idle states
[    2.090112] ACPI: \_PR_.C009: Found 2 idle states
[    2.090181] ACPI: \_PR_.C00B: Found 2 idle states
[    2.090235] ACPI: \_PR_.C00D: Found 2 idle states
[    2.090302] ACPI: \_PR_.C00F: Found 2 idle states
[    2.090369] ACPI: \_PR_.C011: Found 2 idle states
[    2.090437] ACPI: \_PR_.C013: Found 2 idle states
[    2.090507] ACPI: \_PR_.C015: Found 2 idle states
[    2.090576] ACPI: \_PR_.C017: Found 2 idle states
[    2.090643] ACPI: \_PR_.C019: Found 2 idle states
[    2.090709] ACPI: \_PR_.C01B: Found 2 idle states
[    2.090777] ACPI: \_PR_.C01D: Found 2 idle states
[    2.090844] ACPI: \_PR_.C01F: Found 2 idle states
[    2.090911] ACPI: \_PR_.C021: Found 2 idle states
[    2.090978] ACPI: \_PR_.C023: Found 2 idle states
[    2.091045] ACPI: \_PR_.C025: Found 2 idle states
[    2.091111] ACPI: \_PR_.C027: Found 2 idle states
[    2.091183] ACPI: \_PR_.C029: Found 2 idle states
[    2.091253] ACPI: \_PR_.C02B: Found 2 idle states
[    2.091320] ACPI: \_PR_.C02D: Found 2 idle states
[    2.091387] ACPI: \_PR_.C02F: Found 2 idle states
[    2.091454] ACPI: \_PR_.C031: Found 2 idle states
[    2.091523] ACPI: \_PR_.C033: Found 2 idle states
[    2.091590] ACPI: \_PR_.C035: Found 2 idle states
[    2.091657] ACPI: \_PR_.C037: Found 2 idle states
[    2.091725] ACPI: \_PR_.C039: Found 2 idle states
[    2.091793] ACPI: \_PR_.C03B: Found 2 idle states
[    2.091861] ACPI: \_PR_.C03D: Found 2 idle states
[    2.091931] ACPI: \_PR_.C03F: Found 2 idle states
[    2.092137] ACPI: Invalid passive threshold
[    2.092201] thermal LNXTHERM:00: registered as thermal_zone0
[    2.092202] ACPI: Thermal Zone [PCT0] (17 C)
[    2.092343] Serial: 8250/16550 driver, 32 ports, IRQ sharing enabled
[    2.093196] Linux agpgart interface v0.103
[    2.103215] loop: module loaded
[    2.103415] libphy: Fixed MDIO Bus: probed
[    2.103415] tun: Universal TUN/TAP device driver, 1.6
[    2.103428] PPP generic driver version 2.4.2
[    2.103451] VFIO - User Level meta-driver version: 0.3
[    2.103510] ehci_hcd: USB 2.0 'Enhanced' Host Controller (EHCI) Driver
[    2.103512] ehci-pci: EHCI PCI platform driver
[    2.103521] ehci-platform: EHCI generic platform driver
[    2.103525] ohci_hcd: USB 1.1 'Open' Host Controller (OHCI) Driver
[    2.103526] ohci-pci: OHCI PCI platform driver
[    2.103533] ohci-platform: OHCI generic platform driver
[    2.103536] uhci_hcd: USB Universal Host Controller Interface driver
[    2.103561] i8042: PNP: No PS/2 controller found.
[    2.103582] mousedev: PS/2 mouse device common for all mice
[    2.103641] rtc_cmos 00:03: RTC can wake from S4
[    2.103796] rtc_cmos 00:03: registered as rtc0
[    2.104105] rtc_cmos 00:03: setting system clock to 2021-04-21T08:34:47 UTC (1618994087)
[    2.104115] rtc_cmos 00:03: alarms up to one month, y3k, 114 bytes nvram, hpet irqs
[    2.104118] i2c /dev entries driver
[    2.104153] device-mapper: uevent: version 1.0.3
[    2.104186] device-mapper: ioctl: 4.42.0-ioctl (2020-02-27) initialised: dm-devel@redhat.com
[    2.104196] platform eisa.0: Probing EISA bus 0
[    2.104197] platform eisa.0: EISA: Cannot allocate resource for mainboard
[    2.104198] platform eisa.0: Cannot allocate resource for EISA slot 1
[    2.104198] platform eisa.0: Cannot allocate resource for EISA slot 2
[    2.104199] platform eisa.0: Cannot allocate resource for EISA slot 3
[    2.104199] platform eisa.0: Cannot allocate resource for EISA slot 4
[    2.104200] platform eisa.0: Cannot allocate resource for EISA slot 5
[    2.104200] platform eisa.0: Cannot allocate resource for EISA slot 6
[    2.104201] platform eisa.0: Cannot allocate resource for EISA slot 7
[    2.104202] platform eisa.0: Cannot allocate resource for EISA slot 8
[    2.104202] platform eisa.0: EISA: Detected 0 cards
[    2.105618] ledtrig-cpu: registered to indicate activity on CPUs
[    2.105626] EFI Variables Facility v0.08 2004-May-17
[    2.106813] drop_monitor: Initializing network drop monitor service
[    2.106963] NET: Registered protocol family 10
[    2.111167] Segment Routing with IPv6
[    2.111179] NET: Registered protocol family 17
[    2.111206] Key type dns_resolver registered
[    2.114916] microcode: CPU0: patch_level=0x08301039
[    2.114922] microcode: CPU1: patch_level=0x08301039
[    2.114927] microcode: CPU2: patch_level=0x08301039
[    2.114929] microcode: CPU3: patch_level=0x08301039
[    2.114933] microcode: CPU4: patch_level=0x08301039
[    2.114948] microcode: CPU5: patch_level=0x08301039
[    2.114954] microcode: CPU6: patch_level=0x08301039
[    2.114970] microcode: CPU7: patch_level=0x08301039
[    2.114987] microcode: CPU8: patch_level=0x08301039
[    2.115002] microcode: CPU9: patch_level=0x08301039
[    2.115017] microcode: CPU10: patch_level=0x08301039
[    2.115035] microcode: CPU11: patch_level=0x08301039
[    2.115051] microcode: CPU12: patch_level=0x08301039
[    2.115067] microcode: CPU13: patch_level=0x08301039
[    2.115083] microcode: CPU14: patch_level=0x08301039
[    2.115098] microcode: CPU15: patch_level=0x08301039
[    2.115115] microcode: CPU16: patch_level=0x08301039
[    2.115133] microcode: CPU17: patch_level=0x08301039
[    2.115148] microcode: CPU18: patch_level=0x08301039
[    2.115164] microcode: CPU19: patch_level=0x08301039
[    2.115180] microcode: CPU20: patch_level=0x08301039
[    2.115196] microcode: CPU21: patch_level=0x08301039
[    2.115214] microcode: CPU22: patch_level=0x08301039
[    2.115231] microcode: CPU23: patch_level=0x08301039
[    2.115249] microcode: CPU24: patch_level=0x08301039
[    2.115265] microcode: CPU25: patch_level=0x08301039
[    2.115280] microcode: CPU26: patch_level=0x08301039
[    2.115296] microcode: CPU27: patch_level=0x08301039
[    2.115313] microcode: CPU28: patch_level=0x08301039
[    2.115330] microcode: CPU29: patch_level=0x08301039
[    2.115346] microcode: CPU30: patch_level=0x08301039
[    2.115362] microcode: CPU31: patch_level=0x08301039
[    2.115365] microcode: CPU32: patch_level=0x08301039
[    2.115369] microcode: CPU33: patch_level=0x08301039
[    2.115373] microcode: CPU34: patch_level=0x08301039
[    2.115378] microcode: CPU35: patch_level=0x08301039
[    2.115384] microcode: CPU36: patch_level=0x08301039
[    2.115400] microcode: CPU37: patch_level=0x08301039
[    2.115406] microcode: CPU38: patch_level=0x08301039
[    2.115424] microcode: CPU39: patch_level=0x08301039
[    2.115439] microcode: CPU40: patch_level=0x08301039
[    2.115455] microcode: CPU41: patch_level=0x08301039
[    2.115470] microcode: CPU42: patch_level=0x08301039
[    2.115487] microcode: CPU43: patch_level=0x08301039
[    2.115503] microcode: CPU44: patch_level=0x08301039
[    2.115518] microcode: CPU45: patch_level=0x08301039
[    2.115534] microcode: CPU46: patch_level=0x08301039
[    2.115550] microcode: CPU47: patch_level=0x08301039
[    2.115565] microcode: CPU48: patch_level=0x08301039
[    2.115580] microcode: CPU49: patch_level=0x08301039
[    2.115595] microcode: CPU50: patch_level=0x08301039
[    2.115611] microcode: CPU51: patch_level=0x08301039
[    2.115627] microcode: CPU52: patch_level=0x08301039
[    2.115643] microcode: CPU53: patch_level=0x08301039
[    2.115660] microcode: CPU54: patch_level=0x08301039
[    2.115678] microcode: CPU55: patch_level=0x08301039
[    2.115695] microcode: CPU56: patch_level=0x08301039
[    2.115713] microcode: CPU57: patch_level=0x08301039
[    2.115730] microcode: CPU58: patch_level=0x08301039
[    2.115746] microcode: CPU59: patch_level=0x08301039
[    2.115762] microcode: CPU60: patch_level=0x08301039
[    2.115780] microcode: CPU61: patch_level=0x08301039
[    2.115796] microcode: CPU62: patch_level=0x08301039
[    2.115802] microcode: CPU63: patch_level=0x08301039
[    2.115815] microcode: Microcode Update Driver: v2.2.
[    2.117089] resctrl: L3 allocation detected
[    2.117090] resctrl: L3DATA allocation detected
[    2.117090] resctrl: L3CODE allocation detected
[    2.117090] resctrl: MB allocation detected
[    2.117090] resctrl: L3 monitoring detected
[    2.117093] IPI shorthand broadcast: enabled
[    2.117099] sched_clock: Marking stable (2141072713, -23992696)->(2123559486, -6479469)
[    2.117394] registered taskstats version 1
[    2.117404] Loading compiled-in X.509 certificates
[    2.117889] Loaded X.509 cert 'Build time autogenerated kernel key: 11b2ac59332c9016669f146f9c6552f77253cce2'
[    2.118267] Loaded X.509 cert 'Canonical Ltd. Live Patch Signing: 14df34d1a87cf37625abec039ef2bf521249b969'
[    2.118646] Loaded X.509 cert 'Canonical Ltd. Kernel Module Signing: 88f752e560a1e0737e31163a466ad7b70a850c19'
[    2.118803] zswap: loaded using pool lzo/zbud
[    2.119336] Key type ._fscrypt registered
[    2.119336] Key type .fscrypt registered
[    2.119337] Key type fscrypt-provisioning registered
[    2.120795] Key type encrypted registered
[    2.120797] AppArmor: AppArmor sha1 policy hashing enabled
[    2.120865] integrity: Loading X.509 certificate: UEFI:MokListRT
[    2.120878] integrity: Loaded X.509 cert 'SomeOrg: shim: a01ee84e9b37ace407961cc468c5909447878469'
[    2.120878] integrity: Loading X.509 certificate: UEFI:MokListRT
[    2.121063] integrity: Loaded X.509 cert 'Canonical Ltd. Master Certificate Authority: ad91990bc22ab1f517048c23b6655a268e345a63'
[    2.121081] ima: No TPM chip found, activating TPM-bypass!
[    2.121085] ima: Allocated hash algorithm: sha1
[    2.121090] ima: No architecture policies found
[    2.121095] evm: Initialising EVM extended attributes:
[    2.121095] evm: security.selinux
[    2.121095] evm: security.SMACK64
[    2.121096] evm: security.SMACK64EXEC
[    2.121096] evm: security.SMACK64TRANSMUTE
[    2.121096] evm: security.SMACK64MMAP
[    2.121096] evm: security.apparmor
[    2.121097] evm: security.ima
[    2.121097] evm: security.capability
[    2.121097] evm: HMAC attrs: 0x1
[    2.121460] PM:   Magic number: 1:442:574
[    2.123627] acpi_cpufreq: overriding BIOS provided _PSD data
[    2.126146] RAS: Correctable Errors collector initialized.
[    2.127220] Freeing unused decrypted memory: 2040K
[    2.127696] Freeing unused kernel image (initmem) memory: 2644K
[    2.144032] Write protecting the kernel read-only data: 22528k
[    2.144982] Freeing unused kernel image (text/rodata gap) memory: 2044K
[    2.145327] Freeing unused kernel image (rodata/data gap) memory: 692K
[    2.174570] x86/mm: Checked W+X mappings: passed, no W+X pages found.
[    2.174578] Run /init as init process
[    2.174579]   with arguments:
[    2.174579]     /init
[    2.174580]     splash
[    2.174580]   with environment:
[    2.174580]     HOME=/
[    2.174581]     TERM=linux
[    2.174581]     BOOT_IMAGE=/boot/vmlinuz-5.8.0-50-generic
[    2.277479] acpi PNP0C14:02: duplicate WMI GUID 05901221-D566-11D1-B2F0-00A0C9062910 (first instance was on PNP0C14:01)
[    2.300553] ACPI Warning: SystemIO range 0x0000000000000B00-0x0000000000000B08 conflicts with OpRegion 0x0000000000000B00-0x0000000000000B0F (\GSA1.SMBI) (20200528/utaddress-204)
[    2.300559] ACPI: If an ACPI driver is available for this device, you should use it instead of the native driver
[    2.303815] xhci_hcd 0000:03:00.3: xHCI Host Controller
[    2.303821] xhci_hcd 0000:03:00.3: new USB bus registered, assigned bus number 1
[    2.303973] xhci_hcd 0000:03:00.3: hcc params 0x0260ffe5 hci version 0x110 quirks 0x0000000000000410
[    2.304892] usb usb1: New USB device found, idVendor=1d6b, idProduct=0002, bcdDevice= 5.08
[    2.304894] usb usb1: New USB device strings: Mfr=3, Product=2, SerialNumber=1
[    2.304895] usb usb1: Product: xHCI Host Controller
[    2.304899] usb usb1: Manufacturer: Linux 5.8.0-50-generic xhci-hcd
[    2.304900] usb usb1: SerialNumber: 0000:03:00.3
[    2.305513] dca service started, version 1.12.1
[    2.305817] nvme nvme0: pci function 0000:01:00.0
[    2.306065] hub 1-0:1.0: USB hub found
[    2.306075] hub 1-0:1.0: 2 ports detected
[    2.306708] xhci_hcd 0000:03:00.3: xHCI Host Controller
[    2.306710] xhci_hcd 0000:03:00.3: new USB bus registered, assigned bus number 2
[    2.306713] xhci_hcd 0000:03:00.3: Host supports USB 3.1 Enhanced SuperSpeed
[    2.306727] usb usb2: We don't know the algorithms for LPM for this host, disabling LPM.
[    2.306748] usb usb2: New USB device found, idVendor=1d6b, idProduct=0003, bcdDevice= 5.08
[    2.306749] usb usb2: New USB device strings: Mfr=3, Product=2, SerialNumber=1
[    2.306750] usb usb2: Product: xHCI Host Controller
[    2.306751] usb usb2: Manufacturer: Linux 5.8.0-50-generic xhci-hcd
[    2.306751] usb usb2: SerialNumber: 0000:03:00.3
[    2.307274] hub 2-0:1.0: USB hub found
[    2.307284] hub 2-0:1.0: 2 ports detected
[    2.307779] xhci_hcd 0000:23:00.3: xHCI Host Controller
[    2.307783] xhci_hcd 0000:23:00.3: new USB bus registered, assigned bus number 3
[    2.307874] xhci_hcd 0000:23:00.3: hcc params 0x0260ffe5 hci version 0x110 quirks 0x0000000000000410
[    2.308453] usb usb3: New USB device found, idVendor=1d6b, idProduct=0002, bcdDevice= 5.08
[    2.308454] usb usb3: New USB device strings: Mfr=3, Product=2, SerialNumber=1
[    2.308455] usb usb3: Product: xHCI Host Controller
[    2.308455] usb usb3: Manufacturer: Linux 5.8.0-50-generic xhci-hcd
[    2.308456] usb usb3: SerialNumber: 0000:23:00.3
[    2.308588] hub 3-0:1.0: USB hub found
[    2.308593] hub 3-0:1.0: 2 ports detected
[    2.308805] xhci_hcd 0000:23:00.3: xHCI Host Controller
[    2.308806] xhci_hcd 0000:23:00.3: new USB bus registered, assigned bus number 4
[    2.308808] xhci_hcd 0000:23:00.3: Host supports USB 3.1 Enhanced SuperSpeed
[    2.308817] usb usb4: We don't know the algorithms for LPM for this host, disabling LPM.
[    2.308828] usb usb4: New USB device found, idVendor=1d6b, idProduct=0003, bcdDevice= 5.08
[    2.308829] usb usb4: New USB device strings: Mfr=3, Product=2, SerialNumber=1
[    2.308830] usb usb4: Product: xHCI Host Controller
[    2.308830] usb usb4: Manufacturer: Linux 5.8.0-50-generic xhci-hcd
[    2.308831] usb usb4: SerialNumber: 0000:23:00.3
[    2.308919] hub 4-0:1.0: USB hub found
[    2.308924] hub 4-0:1.0: 2 ports detected
[    2.309220] ahci 0000:46:00.0: version 3.0
[    2.309419] xhci_hcd 0000:45:00.1: xHCI Host Controller
[    2.309422] xhci_hcd 0000:45:00.1: new USB bus registered, assigned bus number 5
[    2.309532] ahci 0000:46:00.0: AHCI 0001.0301 32 slots 1 ports 6 Gbps 0x1 impl SATA mode
[    2.309533] ahci 0000:46:00.0: flags: 64bit ncq sntf ilck pm led clo only pmp fbs pio slum part 
[    2.309579] xhci_hcd 0000:45:00.1: hcc params 0x0278ffe5 hci version 0x110 quirks 0x0000000000000410
[    2.309963] scsi host0: ahci
[    2.310083] usb usb5: New USB device found, idVendor=1d6b, idProduct=0002, bcdDevice= 5.08
[    2.310084] usb usb5: New USB device strings: Mfr=3, Product=2, SerialNumber=1
[    2.310084] usb usb5: Product: xHCI Host Controller
[    2.310085] usb usb5: Manufacturer: Linux 5.8.0-50-generic xhci-hcd
[    2.310086] usb usb5: SerialNumber: 0000:45:00.1
[    2.310385] ata1: SATA max UDMA/133 abar m2048@0xe6300000 port 0xe6300100 irq 77
[    2.310468] hub 5-0:1.0: USB hub found
[    2.310479] hub 5-0:1.0: 6 ports detected
[    2.311277] ahci 0000:47:00.0: AHCI 0001.0301 32 slots 3 ports 6 Gbps 0x13 impl SATA mode
[    2.311278] ahci 0000:47:00.0: flags: 64bit ncq sntf ilck pm led clo only pmp fbs pio slum part 
[    2.311305] xhci_hcd 0000:45:00.1: xHCI Host Controller
[    2.311307] xhci_hcd 0000:45:00.1: new USB bus registered, assigned bus number 6
[    2.311308] xhci_hcd 0000:45:00.1: Host supports USB 3.1 Enhanced SuperSpeed
[    2.311319] usb usb6: We don't know the algorithms for LPM for this host, disabling LPM.
[    2.311329] usb usb6: New USB device found, idVendor=1d6b, idProduct=0003, bcdDevice= 5.08
[    2.311330] usb usb6: New USB device strings: Mfr=3, Product=2, SerialNumber=1
[    2.311331] usb usb6: Product: xHCI Host Controller
[    2.311331] usb usb6: Manufacturer: Linux 5.8.0-50-generic xhci-hcd
[    2.311332] usb usb6: SerialNumber: 0000:45:00.1
[    2.311690] hub 6-0:1.0: USB hub found
[    2.311698] hub 6-0:1.0: 4 ports detected
[    2.312522] xhci_hcd 0000:45:00.3: xHCI Host Controller
[    2.312535] xhci_hcd 0000:45:00.3: new USB bus registered, assigned bus number 7
[    2.312574] nvme nvme0: missing or invalid SUBNQN field.
[    2.312687] xhci_hcd 0000:45:00.3: hcc params 0x0278ffe5 hci version 0x110 quirks 0x0000000000000410
[    2.312694] nvme nvme0: Shutdown timeout set to 8 seconds
[    2.313418] usb usb7: New USB device found, idVendor=1d6b, idProduct=0002, bcdDevice= 5.08
[    2.313419] usb usb7: New USB device strings: Mfr=3, Product=2, SerialNumber=1
[    2.313420] usb usb7: Product: xHCI Host Controller
[    2.313421] usb usb7: Manufacturer: Linux 5.8.0-50-generic xhci-hcd
[    2.313421] usb usb7: SerialNumber: 0000:45:00.3
[    2.313568] scsi host1: ahci
[    2.313963] scsi host2: ahci
[    2.313997] hub 7-0:1.0: USB hub found
[    2.314013] hub 7-0:1.0: 6 ports detected
[    2.314352] scsi host3: ahci
[    2.314689] scsi host4: ahci
[    2.314850] scsi host5: ahci
[    2.314891] xhci_hcd 0000:45:00.3: xHCI Host Controller
[    2.314895] xhci_hcd 0000:45:00.3: new USB bus registered, assigned bus number 8
[    2.314898] xhci_hcd 0000:45:00.3: Host supports USB 3.1 Enhanced SuperSpeed
[    2.314900] ata2: SATA max UDMA/133 abar m2048@0xe6200000 port 0xe6200100 irq 79
[    2.314903] ata3: SATA max UDMA/133 abar m2048@0xe6200000 port 0xe6200180 irq 80
[    2.314903] ata4: DUMMY
[    2.314904] ata5: DUMMY
[    2.314906] ata6: SATA max UDMA/133 abar m2048@0xe6200000 port 0xe6200300 irq 83
[    2.314929] usb usb8: We don't know the algorithms for LPM for this host, disabling LPM.
[    2.314956] usb usb8: New USB device found, idVendor=1d6b, idProduct=0003, bcdDevice= 5.08
[    2.314958] usb usb8: New USB device strings: Mfr=3, Product=2, SerialNumber=1
[    2.314959] usb usb8: Product: xHCI Host Controller
[    2.314961] usb usb8: Manufacturer: Linux 5.8.0-50-generic xhci-hcd
[    2.314962] usb usb8: SerialNumber: 0000:45:00.3
[    2.315074] hub 8-0:1.0: USB hub found
[    2.315087] hub 8-0:1.0: 4 ports detected
[    2.315155] usb: port power management may be unreliable
[    2.315427] xhci_hcd 0000:48:00.0: xHCI Host Controller
[    2.315432] xhci_hcd 0000:48:00.0: new USB bus registered, assigned bus number 9
[    2.315448] xhci_hcd 0000:48:00.0: Zeroing 64bit base registers, expecting fault
[    2.336854] xhci_hcd 0000:48:00.0: hcc params 0x014051c7 hci version 0x100 quirks 0x0000001100000410
[    2.337240] usb usb9: New USB device found, idVendor=1d6b, idProduct=0002, bcdDevice= 5.08
[    2.337241] usb usb9: New USB device strings: Mfr=3, Product=2, SerialNumber=1
[    2.337241] usb usb9: Product: xHCI Host Controller
[    2.337242] usb usb9: Manufacturer: Linux 5.8.0-50-generic xhci-hcd
[    2.337243] usb usb9: SerialNumber: 0000:48:00.0
[    2.337322] hub 9-0:1.0: USB hub found
[    2.337331] hub 9-0:1.0: 4 ports detected
